c --- [ banner ] -------------------------------------------------------------
c 
c CaDiCaL SAT Solver
c Copyright (c) 2016-2026
c A. Biere, M. Fleury, N. Froleyks, K. Fazekas, F. Pollitt, T. Faller
c JKU Linz, University of Freiburg, TU Wien
c 
c Version 3.0.1 c60730422e758ef1cebe7aeddf2dda31c996bf04
c Apple clang version 17.0.0 (clang-1700.6.3.2) -Wall -Wextra -O3 -DNDEBUG -DNCLOSEFROM
c Tue Aug 11 15:38:03 CEST 2026 Darwin 192.168.1.81 24.6.0 arm64
c 
c --- [ proof tracing ] ------------------------------------------------------
c 
c opening file to write 'results/z14min3.drat'
c writing non-binary proof trace to 'results/z14min3.drat'
c 
c --- [ parsing input ] ------------------------------------------------------
c 
c reading DIMACS file from 'results/z14min3.cnf'
c opening file to read 'results/z14min3.cnf'
c found 'p cnf 5184 7342059' header
c parsed 7342059 clauses in 0.80 seconds process time
c 
c --- [ options ] ------------------------------------------------------------
c 
c   --binary=false                 (different from default 'true')
c 
c --- [ solving ] ------------------------------------------------------------
c 
c time measured in process time since initialization
c 
c  seconds  reduction conflicts       size tier2        variables
c         MB    restarts   redundant    glue  trail          remaining
c          level     rate       size/glu tier1   irredundant
c 
c *  0.80  0  0 0   0  0    0    0 0.0 0 0 2 6  0% 7267126 5165 100%
c )  0.90  0  0 0   0  0    0    0 0.0 1 0 2 6  0% 7267126 5163 100%
c {  0.92  0  0 0   0  0    0    0 0.0 1 0 2 6  0% 7267126 5163 100%
c i  0.92  0  0 0   0  0    0    0 0.0 1 0 2 6  0% 7267126 5163 100%
c i  0.92  0  0 0   0  6    1    0 0.0 1 0 2 6  1% 7267126 5161 100%
c i  0.92  0  1 0   0  8    2    0 0.0 1 0 2 6  1% 7267126 5159 100%
c i  0.92  0  1 0   0 10    3    0 0.0 1 0 2 6  1% 7267126 5157 99%
c i  0.92  0 16 0   1  7   10    5 2.5 2 1 2 6  1% 7267126 5155 99%
c i  0.93  0 242 0  13  8  265  233 1.6 3 2 2 6 17% 7267126 5154 99%
c i  0.97  0 219 0  23  9  300  263 1.6 3 2 2 6 18% 7267126 5149 99%
c -  1.09  0 219 1  23  9  300  258 1.6 3 2 2 6 18% 7267034 5149 99%
c i  1.13  0 218 1  25  9  306  261 1.7 3 2 2 6 18% 7267034 5147 99%
c i  1.17  0 182 1  45 10  381  325 1.7 4 2 2 6 19% 7267034 5144 99%
c i  1.19  0 173 1  52 10  405  347 1.7 4 2 2 6 20% 7267034 5143 99%
c i  1.24  0 152 1  74 10  492  417 1.7 4 2 2 6 24% 7267034 5141 99%
c i  1.24  0 151 1  75 10  493  417 1.7 4 2 2 6 24% 7267034 5138 99%
c i  1.24  0 147 1  80 10  511  432 1.7 4 2 2 6 23% 7267034 5134 99%
c i  1.24  0 141 1  82 10  560  473 1.7 4 2 2 6 23% 7267034 5130 99%
c i  1.24  0 140 1  82 10  567  478 1.7 4 2 2 6 24% 7267034 5124 99%
c i  1.31  0 127 1 105 11  678  575 1.7 4 2 2 6 26% 7267034 5122 99%
c 
c  seconds   reduction conflicts       size tier2        variables
c         MB     restarts   redundant    glue  trail          remaining
c           level     rate       size/glu tier1   irredundant
c 
c i  1.36  0 114 1 138 12  817  697 1.7 4 3 2 6 28% 7267034 5120 99%
c i  1.36  0 114 1 138 12  818  697 1.7 4 3 2 6 28% 7267034 5116 99%
c }  1.54  0 102 1 170 11 1001  853 1.7 5 3 2 6 30% 7267034 5116 99%
c [  1.54  0  0 1 170  0 1001  853 0.0 0 0 2 6  0% 7267034 5116 99%
c O  1.56  0 25 1 170 26 1002  854 2.5 40 16 2 6 100% 7267034 5116 99%
c -  2.23  0 25 2 170  2 1538 1139 3.5 26 7 2 6 83% 7266824 5116 99%
c i  2.29  0 31 2 170  2 1892 1459 3.5 28 8 2 6 79% 7266824 5115 99%
c ]  2.50  0 31 2 171  2 2919 2323 2.9 24 9 2 6 71% 7266824 5115 99%
c {  2.50  0 102 2 171 11 2919 2323 1.7 5 3 2 6 30% 7266824 5115 99%
c i  2.56  0 100 2 184 11 2965 2365 1.7 5 3 2 6 30% 7266824 5114 99%
c O  2.57  0 98 2 194 11 3003 2399 1.7 5 3 2 6 30% 7266824 5114 99%
c i  2.61  0 93 2 208 11 3072 2462 1.8 5 3 2 6 29% 7266824 5112 99%
c i  2.86  0 79 2 292 11 3479 2815 1.8 5 3 2 6 29% 7266824 5111 99%
c i  2.86  0 79 2 292 11 3489 2822 1.8 5 3 2 6 29% 7266824 5108 99%
c i  2.87  0 79 2 292 11 3502 2833 1.8 5 3 2 6 29% 7266824 5107 99%
c i  2.89  0 77 2 300 11 3591 2910 1.8 5 3 2 6 30% 7266824 5102 98%
c i  2.91  0 76 2 308 11 3636 2949 1.8 5 3 2 6 30% 7266824 5100 98%
c i  3.09  0 74 2 357 11 3922 3195 1.9 6 3 2 6 31% 7266824 5099 98%
c -  3.61  0 68 3 431 10 4342 3001 1.9 6 3 2 6 31% 7266717 5099 98%
c i  3.64  0 68 3 433 10 4357 3011 1.9 6 3 2 6 31% 7266717 5098 98%
c 
c  seconds  reduction conflicts       size tier2        variables
c         MB    restarts   redundant    glue  trail          remaining
c          level     rate       size/glu tier1   irredundant
c 
c i  3.70  0 67 3 445 10 4401 3052 1.9 6 3 2 6 31% 7266717 5097 98%
c i  3.71  0 67 3 446 10 4422 3071 1.9 6 3 2 6 31% 7266717 5096 98%
c i  3.72  0 67 3 446 10 4425 3073 1.9 6 3 2 6 31% 7266717 5094 98%
c 2  3.88  0 64 3 493 10 4709 3323 1.9 6 3 2 6 31% 7266713 5093 98%
c d  4.01  0 64 3 493 10 4709 3307 1.9 6 3 2 6 31% 7266540 5033 97%
c d  4.12  0 64 3 493 10 4709 3306 1.9 6 3 2 6 31% 7266527 5028 97%
c p  4.15  0 64 3 493 10 4709 6132 1.9 6 3 2 6 31% 7266527 5028 97%
c c  5.38  0 64 3 493 10 4709 6131 1.9 6 3 2 6 31% 7275154 5025 97%
c d  5.51  0 64 3 493 10 4709 6130 1.9 6 3 2 6 31% 7275056 4988 96%
c k  5.52  0 64 3 493 10 4709 6130 1.9 6 3 2 6 31% 7275056 4980 96%
c 2  5.53  0 64 3 493 10 4709 6101 1.9 6 3 2 6 31% 7275014 4980 96%
c t  5.55  0 64 3 493 10 4709 6101 1.9 6 3 2 6 31% 7274892 4980 96%
c i  5.58  0 64 3 495 10 4736 6121 1.9 6 3 2 6 31% 7274892 4976 96%
c i  5.64  0 64 3 504 10 4828 6204 1.9 6 3 2 6 31% 7274892 4974 96%
c i  5.65  0 64 3 508 10 4853 6225 1.9 6 3 2 6 32% 7274892 4968 96%
c i  5.72  0 63 3 540 10 4992 6345 1.9 6 3 2 6 31% 7274892 4966 96%
c i  5.72  0 63 3 540 10 4993 6345 1.9 6 3 2 6 31% 7274892 4963 96%
c i  5.76  0 62 3 562 10 5121 6461 2.0 6 3 1 2 32% 7274892 4962 96%
c i  5.76  0 62 3 563 10 5126 6464 2.0 6 3 2 3 32% 7274892 4960 96%
c i  5.91  0 61 3 625 10 5491 6772 2.0 7 3 1 2 32% 7274892 4959 96%
c 
c  seconds  reduction conflicts       size tier2        variables
c         MB    restarts   redundant    glue  trail          remaining
c          level     rate       size/glu tier1   irredundant
c 
c i  5.99  0 61 3 653 10 5602 6872 2.0 7 3 1 2 32% 7274892 4958 96%
c i  6.03  0 60 3 665 10 5769 7017 2.0 7 3 1 2 33% 7274892 4957 96%
c i  6.08  0 60 3 684 10 5992 7205 2.0 7 3 1 2 33% 7274892 4956 96%
c #  6.09  0 60 3 684 10 6004 7217 2.0 7 3 1 2 33% 7274892 4956 96%
c i  6.10  0 60 3 685 10 6028 7237 2.0 7 3 1 2 33% 7274892 4952 96%
c i  6.17  0 60 3 698 10 6111 7311 2.0 7 3 1 2 33% 7274892 4948 95%
c i  6.34  0 58 3 743  9 6531 7687 2.1 7 3 1 2 33% 7274892 4946 95%
c }  6.46  0 57 3 763  9 6709 7846 2.1 7 3 1 2 33% 7274892 4946 95%
c [  6.46  0 31 3 763  2 6709 7846 2.9 24 9 2 6 71% 7274892 4946 95%
c i  6.47  0 32 3 763  2 6757 7886 2.8 24 8 2 6 70% 7274892 4945 95%
c i  6.47  0 33 3 763  2 6813 7931 2.8 23 8 2 6 68% 7274892 4943 95%
c i  6.51  0 44 3 764  3 7389 8461 2.8 21 8 2 4 63% 7274892 4938 95%
c -  7.05  0 47 4 764  3 9055 3998 3.6 29 8 2 4 55% 7274560 4938 95%
c 2  7.06  0 47 4 764  3 9055 3979 3.6 29 8 2 4 55% 7274559 4938 95%
c =  8.89  0 47 4 764  3 9055 3975 3.6 29 8 2 4 55% 7278389 4904 95%
c t  8.92  0 47 4 764  3 9055 3975 3.6 29 8 2 4 55% 7278330 4904 95%
c I  9.20  0 45 4 765  2 10006 4850 3.7 30 8 1 2 54% 7278330 4904 95%
c i  9.35  0 46 4 766  2 10359 5158 3.6 30 8 1 2 54% 7278330 4902 95%
c ] 10.00  0 40 4 767  2 13101 7442 3.0 28 9 1 2 53% 7278330 4902 95%
c { 10.00  0 57 4 767  9 13101 7442 2.1 7 3 1 2 33% 7278330 4902 95%
c 
c  seconds  reductions conflicts       size tier2        variables
c         MB    restarts    redundant    glue  trail          remaining
c          level     rate        size/glu tier1   irredundant
c 
c i 10.16  0 56 4 824  9 13307 7633 2.1 8 4 1 2 33% 7278330 4901 95%
c i 10.48  0 54 4 910  9 13796 8071 2.1 8 4 1 2 34% 7278330 4899 95%
c B 11.08  0 52 4 1095  9 15008 9160 2.1 8 4 1 2 34% 7278330 4899 95%
c i 11.24  0 51 4 1139  9 15211 9350 2.1 8 4 1 2 34% 7278330 4896 94%
c i 11.25  0 51 4 1141  9 15239 9372 2.1 8 4 1 2 34% 7278330 4895 94%
c i 11.47  0 50 4 1187  9 15817 9873 2.1 8 4 1 2 34% 7278330 4894 94%
c - 11.86  0 50 5 1197  9 15860 5796 2.1 8 4 1 2 34% 7278259 4894 94%
c 2 11.87  0 50 5 1197  9 15860 5790 2.1 8 4 1 2 34% 7278259 4894 94%
c d 11.98  0 50 5 1197  9 15860 5790 2.1 8 4 1 2 34% 7278251 4890 94%
c = 12.40  0 50 5 1197  9 15860 5790 2.1 8 4 1 2 34% 7278249 4889 94%
c t 12.43  0 50 5 1197  9 15860 5789 2.1 8 4 1 2 34% 7278119 4889 94%
c i 12.74  0 49 5 1289  9 16302 6177 2.1 8 4 1 2 34% 7278119 4888 94%
c i 13.24  0 48 5 1460  9 17503 7242 2.1 8 4 1 2 33% 7278119 4885 94%
c i 13.35  0 47 5 1489  9 17709 7419 2.2 8 4 1 2 33% 7278119 4884 94%
c i 13.51  0 47 5 1553  9 18068 7752 2.2 9 4 1 2 33% 7278119 4882 94%
c i 14.33  0 46 5 1815  9 19469 9044 2.2 9 4 1 2 33% 7278119 4879 94%
c s 15.25  0 45 5 2082  9 20917 10339 2.2 9 4 1 2 33% 7237268 4879 94%
c t 15.33  0 45 5 2082  9 20917 10337 2.2 9 4 1 2 33% 7236383 4879 94%
c e 15.49  0 45 5 2082  9 20917 8797 2.2 9 4 1 2 33% 7235868 4675 90%
c s 15.59  0 45 5 2082  9 20917 8795 2.2 9 4 1 2 33% 7218797 4675 90%
c 
c  seconds  reductions  conflicts       size tier2        variables
c         MB    restarts     redundant    glue  trail          remaining
c          level      rate        size/glu tier1   irredundant
c 
c W 17.06  0 45 5 2094  9 21010 8871 2.2 9 4 1 2 33% 7218797 4675 90%
c } 17.10  0 45 5 2094  9 21069 8921 2.2 9 4 1 2 33% 7218797 4675 90%
c [ 17.10  0 40 5 2094  2 21069 8921 3.0 28 9 1 2 53% 7218797 4675 90%
c - 18.64  0 38 6 2095  2 24871 7594 3.0 31 10 1 2 49% 7218796 4675 90%
c 2 18.65  0 38 6 2095  2 24871 7585 3.0 31 10 1 2 49% 7218421 4675 90%
c = 20.54  0 38 6 2095  2 24871 7585 3.0 31 10 1 2 49% 7219301 4674 90%
c t 20.57  0 38 6 2095  2 24871 7585 3.0 31 10 1 2 49% 7219231 4674 90%
c B 21.43  0 35 6 2098  2 28012 10330 3.0 30 10 1 2 49% 7219231 4674 90%
c ] 22.25  0 32 6 2100  2 31223 13009 2.8 28 10 1 2 47% 7219231 4674 90%
c { 22.25  0 45 6 2100  9 31223 13009 2.2 9 4 1 2 33% 7219231 4674 90%
c F 24.44  0 42 6 2774  8 36013 17295 2.3 10 4 1 2 34% 7219229 4674 90%
c - 24.81  0 42 7 2783  8 36139 10292 2.3 10 4 1 2 33% 7219229 4674 90%
c t 24.89  0 42 7 2783  8 36139 10292 2.3 10 4 1 2 33% 7219019 4674 90%
c B 30.15  0 39 7 4253  8 45016 18304 2.4 11 5 1 2 33% 7219018 4674 90%
c } 30.78  0 38 7 4464  8 46374 19541 2.4 11 5 1 2 34% 7219018 4674 90%
c [ 30.78  0 32 7 4464  2 46374 19541 2.8 28 10 1 2 47% 7219018 4674 90%
c i 30.82  0 32 7 4464  2 46494 19649 2.8 28 10 1 2 47% 7219018 4673 90%
c - 31.78  0 30 8 4466  2 49722 13895 2.7 27 10 1 2 46% 7219009 4673 90%
c = 32.35  0 30 8 4466  2 49722 13883 2.7 27 10 1 2 46% 7219000 4672 90%
c u 32.90  0 30 8 4466  2 49722 13610 2.7 27 10 1 2 46% 7219000 4672 90%
c 
c  seconds  reductions  conflicts        size   tier2        variables
c         MB    restarts      redundant     glue   trail          remaining
c          level      rate         size/glue  tier1   irredundant
c 
c v 33.18  0 30 8 4466  2 49722 13562 2.7 27 10 1 2 46% 7219000 4672 90%
c x 33.51  0 30 8 4466  2 49722 13562 2.7 27 10 1 2 46% 7218517 4672 90%
c t 33.54  0 30 8 4466  2 49722 13562 2.7 27 10 1 2 46% 7218212 4672 90%
c W 36.05  0 39 8 4467  2 55017 18402 2.4 27 11 1 2 47% 7218212 4672 90%
c s 37.47  0 34 8 4469  2 63288 25514 2.5 28 11 1 2 48% 7189871 4672 90%
c t 37.56  0 34 8 4469  2 63288 25510 2.5 28 11 1 2 48% 7186958 4672 90%
c e 37.73  0 34 8 4469  2 63288 25382 2.5 28 11 1 2 48% 7186946 4667 90%
c s 37.84  0 34 8 4469  2 63288 25380 2.5 28 11 1 2 48% 7157557 4667 90%
c - 38.81  0 34 9 4470  2 65655 15124 2.4 27 11 1 2 47% 7157557 4667 90%
c 2 38.82  0 34 9 4470  2 65655 15124 2.4 27 11 1 2 47% 7156915 4667 90%
c t 40.14  0 34 9 4470  2 65655 15124 2.4 27 11 1 2 47% 7159358 4667 90%
c O 40.22  0 34 9 4471  2 66019 15413 2.4 27 11 1 2 48% 7159358 4667 90%
c ] 42.87  0 39 9 4474  2 74254 22834 2.3 27 12 1 2 46% 7159358 4667 90%
c { 42.87  0 38 9 4474  8 74254 22834 2.4 11 5 1 2 34% 7159358 4667 90%
c i 43.94  0 38 9 4746  8 75978 24401 2.4 12 5 1 2 34% 7159358 4666 90%
c W 46.08  0 38 9 5043  8 78021 26238 2.5 12 5 1 2 34% 7159350 4666 90%
c - 49.96  0 37 10 6073  8 83940 18257 2.5 13 5 1 2 34% 7159350 4666 90%
c 2 49.97  0 37 10 6073  8 83940 18256 2.5 13 5 1 2 34% 7159350 4666 90%
c p 50.13  0 37 10 6073  8 83940 20131 2.5 13 5 1 2 34% 7159344 4664 90%
c t 50.20  0 37 10 6073  8 83940 20115 2.5 13 5 1 2 34% 7150834 4664 90%
c 
c  seconds  reductions   conflicts        size  tier2        variables
c         MB     restarts      redundant     glue  trail          remaining
c          level       rate         size/glue tier1   irredundant
c 
c # 54.71  0 36 10 7065  7 91023 26474 2.6 14 5 1 2 34% 7150834 4664 90%
c i 57.18  0 35 10 7729  7 94986 29988 2.6 14 5 1 2 37% 7150834 4662 90%
c } 57.46  0 35 10 7830  7 95530 30482 2.6 14 5 1 2 37% 7150834 4662 90%
c [ 57.46  0 39 10 7830  2 95530 30482 2.3 27 12 1 2 51% 7150834 4662 90%
c - 60.78  0 34 11 7837  2 104619 22021 2.5 30 12 1 2 49% 7150817 4662 90%
c 2 60.79  0 34 11 7837  2 104619 22020 2.5 30 12 1 2 49% 7150817 4662 90%
c d 60.90  0 34 11 7837  2 104619 22011 2.5 30 12 1 2 49% 7150807 4659 90%
c p 61.03  0 34 11 7837  2 104619 23015 2.5 30 12 1 2 49% 7150807 4659 90%
c 2 61.05  0 34 11 7837  2 104619 23014 2.5 30 12 1 2 49% 7150807 4659 90%
c = 62.33  0 34 11 7837  2 104619 23014 2.5 30 12 1 2 49% 7150805 4658 90%
c u 63.07  0 34 11 7837  2 104619 22295 2.5 30 12 1 2 49% 7150805 4658 90%
c v 63.39  0 34 11 7837  2 104619 22128 2.5 30 12 1 2 49% 7150805 4658 90%
c w 63.40  0 34 11 7837  2 104619 22128 2.5 30 12 1 2 49% 7150805 4658 90%
c t 63.43  0 34 11 7837  2 104619 22123 2.5 30 12 1 2 49% 7150805 4658 90%
c B 63.64  0 35 11 7837  2 105025 22507 2.5 30 12 1 2 49% 7150805 4658 90%
c ] 68.78  0 33 11 7838  2 115649 31488 2.5 29 12 1 2 52% 7150805 4658 90%
c { 68.78  0 35 11 7838  7 115649 31488 2.6 14 5 1 2 37% 7150805 4658 90%
c i 68.84  0 35 11 7851  7 115711 31538 2.6 14 5 1 2 37% 7150805 4657 90%
c B 71.37  0 34 11 8475  7 120029 35469 2.7 15 6 1 2 37% 7150804 4657 90%
c i 71.45  0 34 11 8482  7 120094 35496 2.7 15 6 1 2 37% 7150804 4655 90%
c 
c  seconds  reductions   conflicts         size  tier2        variables
c         MB     restarts       redundant     glue  trail          remaining
c          level       rate          size/glue tier1   irredundant
c 
c s 76.03  0 34 11 9532  7 126785 41559 2.8 16 6 1 2 38% 7104508 4655 90%
c t 76.11  0 34 11 9532  7 126785 41558 2.8 16 6 1 2 38% 7103267 4655 90%
c e 76.27  0 34 11 9532  7 126785 40018 2.8 16 6 1 2 38% 6831734 4646 90%
c s 76.42  0 34 11 9532  7 126785 40018 2.8 16 6 1 2 38% 6789522 4646 90%
c e 76.56  0 34 11 9532  7 126785 40014 2.8 16 6 1 2 38% 6789522 4645 90%
c - 77.48  0 33 12 9651  7 127699 24089 2.8 16 6 1 2 38% 6789521 4645 90%
c 2 77.49  0 33 12 9651  7 127699 24088 2.8 16 6 1 2 38% 6789094 4645 90%
c p 77.73  0 33 12 9651  7 127699 26430 2.8 16 6 1 2 38% 6789091 4644 90%
c t 77.77  0 33 12 9651  7 127699 26430 2.8 16 6 1 2 38% 6788837 4644 90%
c W 84.35  0 33 12 10748  7 136032 33979 2.9 17 6 1 2 38% 6788836 4644 90%
c } 90.65  0 32 12 12135  7 145604 42564 2.9 18 6 1 2 38% 6788835 4644 90%
c [ 90.65  0 33 12 12135  2 145604 42564 2.5 29 12 1 2 52% 6788835 4644 90%
c - 93.56  0 30 13 12136  2 152996 29735 2.9 32 11 1 2 50% 6788835 4644 90%
c p 93.67  0 30 13 12136  2 152996 32167 2.9 32 11 1 2 50% 6788835 4643 90%
c c 94.97  0 30 13 12136  2 152996 32167 2.9 32 11 1 2 50% 6795881 4643 90%
c d 95.10  0 30 13 12136  2 152996 32014 2.9 32 11 1 2 50% 6795874 4640 90%
c d 95.21  0 30 13 12136  2 152996 32014 2.9 32 11 1 2 50% 6795872 4639 89%
c 2 95.22  0 30 13 12136  2 152996 31592 2.9 32 11 1 2 50% 6795871 4639 89%
c u 95.90  0 30 13 12136  2 152996 31247 2.9 32 11 1 2 50% 6795871 4639 89%
c v 96.18  0 30 13 12136  2 152996 31054 2.9 32 11 1 2 50% 6795871 4639 89%
c 
c  seconds  reductions    conflicts         size   tier2        variables
c         MB      restarts       redundant     glue   trail          remaining
c          level        rate          size/glue  tier1   irredundant
c 
c w 96.20  0 30 13 12136  2 152996 31054 2.9 32 11 1 2 50% 6795871 4639 89%
c x 96.66  0 30 13 12136  2 152996 31054 2.9 32 11 1 2 50% 6795392 4639 89%
c t 96.71  0 30 13 12136  2 152996 31022 2.9 32 11 1 2 50% 6788349 4639 89%
c W 97.49  0 30 13 12136  2 153033 31058 2.9 32 11 1 2 50% 6788349 4639 89%
c I 102.89  0 32 13 12142  2 171037 47245 2.7 31 12 1 2 47% 6788349 4639 89%
c - 105.89  0 32 14 12147  2 180685 31749 2.6 31 12 1 2 47% 6788349 4639 89%
c 2 105.91  0 32 14 12147  2 180685 31749 2.6 31 12 1 2 47% 6788349 4638 89%
c d 106.00  0 32 14 12147  2 180685 31731 2.6 31 12 1 2 47% 6788336 4637 89%
c p 106.14  0 32 14 12147  2 180685 32266 2.6 31 12 1 2 47% 6788332 4636 89%
c 2 106.16  0 32 14 12147  2 180685 32264 2.6 31 12 1 2 47% 6788332 4636 89%
c t 106.18  0 32 14 12147  2 180685 32264 2.6 31 12 1 2 47% 6788327 4636 89%
c B 108.89  0 31 14 12151  2 190039 40163 2.5 30 12 1 2 48% 6788327 4636 89%
c ] 109.79  0 30 14 12151  2 193250 42735 2.4 30 12 1 2 48% 6788327 4636 89%
c { 109.79  0 32 14 12151  7 193250 42735 2.9 18 6 1 2 38% 6788327 4636 89%
c F 119.54  0 31 14 14247  6 210043 57600 3.0 19 6 1 2 37% 6788326 4636 89%
c - 120.34  0 31 15 14357  6 210777 34469 3.0 19 6 1 2 37% 6788326 4636 89%
c p 120.47  0 31 15 14357  6 210777 36957 3.0 19 6 1 2 37% 6788326 4636 89%
c u 123.34  0 31 15 14357  6 210777 36168 3.0 19 6 1 2 37% 6795373 4636 89%
c v 123.72  0 31 15 14357  6 210777 36072 3.0 19 6 1 2 37% 6795373 4636 89%
c w 123.73  0 31 15 14357  6 210777 36072 3.0 19 6 1 2 37% 6795373 4636 89%
c 
c  seconds   reductions    conflicts         size  tier2        variables
c          MB      restarts       redundant     glue  trail          remaining
c           level        rate          size/glue tier1   irredundant
c 
c t 123.77  0 31 15 14357  6 210777 36070 3.0 19 6 1 2 37% 6788332 4636 89%
c s 124.07  0 31 15 14375  6 210893 36172 3.0 19 6 1 2 37% 6727375 4636 89%
c t 124.15  0 31 15 14375  6 210893 36172 3.0 19 6 1 2 37% 6726975 4636 89%
c e 124.29  0 31 15 14375  6 210893 35805 3.0 19 6 1 2 37% 6726921 4620 89%
c s 124.50  0 31 15 14375  6 210893 35803 3.0 19 6 1 2 37% 6630803 4620 89%
c B 135.28  0 29 15 16542  6 231045 53622 3.1 20 7 1 2 38% 6630801 4620 89%
c } 138.87  0 29 15 17348  6 237849 59690 3.1 21 7 1 2 38% 6630801 4620 89%
c [ 138.87  0 30 15 17348  2 237849 59690 2.4 30 12 1 2 48% 6630801 4620 89%
c - 140.71  0 29 16 17350  2 243277 38826 2.6 31 12 1 2 47% 6630801 4620 89%
c 2 140.73  0 29 16 17350  2 243277 38826 2.6 31 12 1 2 47% 6629844 4620 89%
c p 140.89  0 29 16 17350  2 243277 43416 2.6 31 12 1 2 47% 6629844 4620 89%
c t 140.93  0 29 16 17350  2 243277 43415 2.6 31 12 1 2 47% 6628832 4620 89%
c W 148.07  0 29 16 17355  2 253047 51353 2.5 30 12 1 2 48% 6628832 4620 89%
c O 153.34  0 29 16 17364  2 276050 70968 2.4 30 12 1 2 49% 6628832 4620 89%
c - 154.30  0 30 17 17364  2 278066 42019 2.4 30 12 1 2 48% 6628832 4620 89%
c p 154.41  0 30 17 17364  2 278066 42392 2.4 30 12 1 2 48% 6628832 4620 89%
c u 155.40  0 30 17 17364  2 278066 41945 2.4 30 12 1 2 48% 6628832 4620 89%
c v 155.91  0 30 17 17364  2 278066 41769 2.4 30 12 1 2 48% 6628832 4620 89%
c w 155.92  0 30 17 17364  2 278066 41769 2.4 30 12 1 2 48% 6628832 4620 89%
c t 155.94  0 30 17 17364  2 278066 41765 2.4 30 12 1 2 48% 6628824 4620 89%
c 
c  seconds   reductions    conflicts         size   tier2        variables
c          MB      restarts       redundant     glue   trail          remaining
c           level        rate          size/glue  tier1   irredundant
c 
c B 162.90  0 30 17 17365  2 300051 61098 2.3 30 13 1 2 42% 6628824 4620 89%
c ] 164.00  0 32 17 17365  2 303344 64161 2.3 31 14 1 2 43% 6628824 4620 89%
c { 164.00  0 29 17 17365  6 303344 64161 3.1 21 7 1 2 38% 6628824 4620 89%
c - 170.66  0 29 18 18659  6 315259 43860 3.2 22 7 1 2 38% 6628824 4620 89%
c p 170.83  0 29 18 18659  6 315259 45468 3.2 22 7 1 2 38% 6628824 4620 89%
c t 172.12  0 29 18 18659  6 315259 45466 3.2 22 7 1 2 38% 6628834 4620 89%
c i 172.35  0 28 18 18674  6 315724 45792 3.2 22 7 1 2 39% 6628834 4619 89%
c s 172.62  0 28 18 18674  6 315765 45822 3.2 22 7 1 2 39% 6544438 4619 89%
c t 172.69  0 28 18 18674  6 315765 45822 3.2 22 7 1 2 39% 6543785 4619 89%
c e 172.84  0 28 18 18674  6 315765 45105 3.2 22 7 1 2 39% 6384999 4615 89%
c s 173.07  0 28 18 18674  6 315765 45096 3.2 22 7 1 2 39% 6290269 4615 89%
c e 173.21  0 28 18 18674  6 315765 45076 3.2 22 7 1 2 39% 6290269 4613 89%
c i 175.78  0 28 18 19128  6 320303 49034 3.2 22 7 1 2 39% 6290269 4612 89%
c W 181.50  0 28 18 19690  5 325065 52117 3.2 22 7 1 2 39% 6144985 4612 89%
c i 190.15  0 27 18 21398  5 341505 66532 3.2 23 7 1 2 39% 6144985 4610 89%
c # 195.08  0 27 18 22297  5 351067 74839 3.3 23 7 1 2 39% 6144984 4610 89%
c - 196.93  0 27 19 22583  5 354867 48711 3.3 23 7 1 2 39% 5999193 4610 89%
c 2 196.94  0 27 19 22583  5 354867 48709 3.3 23 7 1 2 39% 5998375 4610 89%
c d 197.05  0 27 19 22583  5 354867 48697 3.3 23 7 1 2 39% 5998371 4608 89%
c p 197.19  0 27 19 22583  5 354867 55029 3.3 23 7 1 2 39% 5998371 4607 89%
c 
c  seconds   reductions    conflicts         size  tier2        variables
c          MB      restarts       redundant     glue  trail          remaining
c           level        rate          size/glue tier1   irredundant
c 
c 2 197.22  0 27 19 22583  5 354867 54968 3.3 23 7 1 2 39% 5998371 4607 89%
c u 197.96  0 27 19 22583  5 354867 52531 3.3 23 7 1 2 39% 5998371 4607 89%
c v 198.45  0 27 19 22583  5 354867 52369 3.3 23 7 1 2 39% 5998371 4607 89%
c w 198.46  0 27 19 22583  5 354867 52369 3.3 23 7 1 2 39% 5998371 4607 89%
c x 199.07  0 27 19 22583  5 354867 52368 3.3 23 7 1 2 39% 5997618 4607 89%
c t 199.10  0 27 19 22583  5 354867 52277 3.3 23 7 1 2 39% 5996382 4607 89%
c } 204.73  0 26 19 23615  5 368084 63911 3.3 24 7 1 2 39% 5996382 4607 89%
c [ 204.73  0 32 19 23615  2 368084 63911 2.3 31 14 1 2 43% 5996382 4607 89%
c W 209.16  0 31 19 23615  2 378068 71263 2.4 31 13 1 2 42% 5847422 4607 89%
c - 214.72  0 34 20 23620  2 396241 51934 2.3 32 14 1 2 40% 5847422 4607 89%
c 2 214.73  0 34 20 23620  2 396241 51929 2.3 32 14 1 2 40% 5847422 4607 89%
c d 214.83  0 34 20 23620  2 396241 51929 2.3 32 14 1 2 40% 5847414 4603 89%
c p 214.99  0 34 20 23620  2 396241 52816 2.3 32 14 1 2 40% 5847414 4603 89%
c 2 215.00  0 34 20 23620  2 396241 52690 2.3 32 14 1 2 40% 5847414 4603 89%
c = 215.98  0 34 20 23620  2 396241 52688 2.3 32 14 1 2 40% 5847408 4602 89%
c t 216.01  0 34 20 23620  2 396241 52594 2.3 32 14 1 2 40% 5847408 4602 89%
c I 218.75  0 33 20 23625  2 406074 61270 2.3 31 13 1 2 40% 5847408 4602 89%
c B 227.75  0 31 20 23637  2 435075 86371 2.3 30 13 1 2 42% 5847407 4602 89%
c - 229.49  0 31 21 23640  2 439783 52078 2.3 30 13 1 2 42% 5847407 4602 89%
c p 229.62  0 31 21 23640  2 439783 52505 2.3 30 13 1 2 42% 5847407 4602 89%
c 
c  seconds   reductions    conflicts         size   tier2        variables
c          MB      restarts       redundant     glue   trail          remaining
c           level        rate          size/glue  tier1   irredundant
c 
c u 230.70  0 31 21 23640  2 439783 52048 2.3 30 13 1 2 42% 5847407 4602 89%
c v 231.22  0 31 21 23640  2 439783 51890 2.3 30 13 1 2 42% 5847407 4602 89%
c w 231.24  0 31 21 23640  2 439783 51890 2.3 30 13 1 2 42% 5847407 4602 89%
c t 231.26  0 31 21 23640  2 439783 51887 2.3 30 13 1 2 42% 5847402 4602 89%
c s 231.82  0 31 21 23640  2 440725 52635 2.3 30 13 1 2 42% 5780478 4602 89%
c t 231.89  0 31 21 23640  2 440725 52635 2.3 30 13 1 2 42% 5778725 4602 89%
c e 232.02  0 31 21 23640  2 440725 52560 2.3 30 13 1 2 42% 5778710 4597 89%
c s 232.23  0 31 21 23640  2 440725 52550 2.3 30 13 1 2 42% 5698687 4597 89%
c ] 237.62  0 30 21 23645  2 455531 64893 2.3 30 13 1 2 43% 5698687 4597 89%
c { 237.62  0 26 21 23645  5 455531 64893 3.3 24 7 1 2 39% 5698687 4597 89%
c B 242.64  0 26 21 24769  5 465079 73427 3.3 24 7 1 2 39% 5698687 4597 89%
c - 251.47  0 25 22 26396  5 485658 54668 3.3 24 7 1 2 39% 5698687 4597 89%
c 2 251.48  0 25 22 26396  5 485658 54668 3.3 24 7 1 2 39% 5698382 4597 89%
c p 251.65  0 25 22 26396  5 485658 57929 3.3 24 7 1 2 39% 5698382 4596 89%
c u 253.45  0 25 22 26396  5 485658 57389 3.3 24 7 1 2 39% 5647691 4596 89%
c v 253.79  0 25 22 26396  5 485658 57224 3.3 24 7 1 2 39% 5647691 4596 89%
c t 253.82  0 25 22 26396  5 485658 57214 3.3 24 7 1 2 39% 5643887 4596 89%
c W 260.98  0 25 22 27271  5 496081 64847 3.3 25 7 1 2 39% 5643435 4596 89%
c F 275.27  0 24 22 30023  4 528084 92334 3.3 25 8 1 2 38% 5643435 4596 89%
c - 277.76  0 24 23 30496  4 533671 60911 3.3 25 8 1 2 38% 5643435 4596 89%
c 
c  seconds   reductions    conflicts         size  tier2        variables
c          MB      restarts       redundant     glue  trail          remaining
c           level        rate          size/glue tier1   irredundant
c 
c p 277.94  0 24 23 30496  4 533671 62437 3.3 25 8 1 2 38% 5643435 4596 89%
c u 279.83  0 24 23 30496  4 533671 62180 3.3 25 8 1 2 38% 5643435 4596 89%
c v 280.15  0 24 23 30496  4 533671 62064 3.3 25 8 1 2 38% 5643435 4596 89%
c t 280.17  0 24 23 30496  4 533671 62062 3.3 25 8 1 2 38% 5643435 4596 89%
c } 288.88  0 24 23 32328  4 553225 79176 3.3 26 8 1 2 38% 5643435 4596 89%
c [ 288.88  0 30 23 32328  2 553225 79176 2.3 30 13 1 2 43% 5643435 4596 89%
c W 291.98  0 29 23 32329  2 561085 86377 2.3 30 13 1 2 42% 5643435 4596 89%
c - 296.21  0 31 24 32336  2 583923 64442 2.3 33 14 1 2 43% 5643435 4596 89%
c p 296.37  0 31 24 32336  2 583923 65463 2.3 33 14 1 2 43% 5643435 4596 89%
c t 296.40  0 31 24 32336  2 583923 65462 2.3 33 14 1 2 43% 5643435 4596 89%
c s 296.86  0 31 24 32336  2 584587 66021 2.3 33 14 1 2 43% 5592641 4596 89%
c t 296.92  0 31 24 32336  2 584587 66021 2.3 33 14 1 2 43% 5591977 4596 89%
c e 297.05  0 31 24 32336  2 584587 65935 2.3 33 14 1 2 43% 5591974 4592 89%
c s 297.26  0 31 24 32336  2 584587 65932 2.3 33 14 1 2 43% 5536870 4592 89%
c e 297.38  0 31 24 32336  2 584587 65923 2.3 33 14 1 2 43% 5536870 4591 89%
c O 300.24  0 31 24 32343  2 595086 74925 2.3 32 14 1 2 44% 5536870 4591 89%
c B 308.45  0 30 24 32358  2 630088 105276 2.2 32 14 1 2 38% 5536870 4591 89%
c - 310.33  0 31 25 32359  2 636485 64635 2.2 31 14 1 2 38% 5536870 4591 89%
c 2 310.34  0 31 25 32359  2 636485 64634 2.2 31 14 1 2 38% 5535590 4591 89%
c p 310.48  0 31 25 32359  2 636485 67222 2.2 31 14 1 2 38% 5535590 4591 89%
c 
c  seconds   reductions    conflicts         size   tier2        variables
c          MB      restarts       redundant     glue   trail          remaining
c           level        rate          size/glue  tier1   irredundant
c 
c u 311.18  0 31 25 32359  2 636485 66940 2.2 31 14 1 2 38% 5535590 4591 89%
c v 311.54  0 31 25 32359  2 636485 66872 2.2 31 14 1 2 38% 5535590 4591 89%
c w 311.55  0 31 25 32359  2 636485 66872 2.2 31 14 1 2 38% 5535590 4591 89%
c x 312.10  0 31 25 32359  2 636485 66872 2.2 31 14 1 2 38% 5535117 4591 89%
c t 312.12  0 31 25 32359  2 636485 66872 2.2 31 14 1 2 38% 5534605 4591 89%
c W 319.19  0 33 25 32361  2 666089 92740 2.1 33 16 1 2 37% 5534605 4591 89%
c - 326.40  0 40 26 32362  2 691199 63444 2.0 36 18 1 2 36% 5534605 4591 89%
c p 326.51  0 40 26 32362  2 691199 63941 2.0 36 18 1 2 36% 5534605 4591 89%
c t 326.54  0 40 26 32362  2 691199 63941 2.0 36 18 1 2 36% 5534603 4591 89%
c I 328.44  0 40 26 32362  2 703090 75034 2.0 37 18 1 2 34% 5534603 4591 89%
c ] 333.54  0 37 26 32362  2 723993 93387 2.0 35 17 1 2 33% 5534603 4591 89%
c { 333.54  0 24 26 32362  4 723993 93387 3.3 26 8 1 2 38% 5534603 4591 89%
c B 341.35  0 24 26 33681  4 741091 108074 3.3 26 8 1 2 38% 5534603 4591 89%
c - 344.97  0 24 27 34312  4 748213 67685 3.4 26 8 1 2 38% 5534603 4591 89%
c p 345.11  0 24 27 34312  4 748213 69004 3.4 26 8 1 2 38% 5534603 4591 89%
c u 348.40  0 24 27 34312  4 748213 68154 3.4 26 8 1 2 38% 5537831 4591 89%
c v 348.89  0 24 27 34312  4 748213 68024 3.4 26 8 1 2 38% 5537831 4591 89%
c w 348.89  0 24 27 34312  4 748213 68024 3.4 26 8 1 2 38% 5537831 4591 89%
c t 348.91  0 24 27 34312  4 748213 68018 3.4 26 8 1 2 38% 5534603 4591 89%
c s 349.24  0 24 27 34327  4 748366 68112 3.4 26 8 1 2 38% 5469545 4591 89%
c 
c  seconds   reductions    conflicts         size  tier2        variables
c          MB      restarts       redundant     glue  trail          remaining
c           level        rate          size/glue tier1   irredundant
c 
c t 349.29  0 24 27 34327  4 748366 68112 3.4 26 8 1 2 38% 5469009 4591 89%
c e 349.41  0 24 27 34327  4 748366 68007 3.4 26 8 1 2 38% 5469002 4583 88%
c s 349.63  0 24 27 34327  4 748366 68007 3.4 26 8 1 2 38% 5411302 4583 88%
c W 365.73  0 23 27 36428  4 780097 94732 3.3 26 8 1 2 38% 5411302 4583 88%
c - 376.17  0 22 28 38081  4 807529 73028 3.2 25 8 1 2 38% 5411302 4583 88%
c 2 376.18  0 22 28 38081  4 807529 73026 3.2 25 8 1 2 38% 5410997 4583 88%
c p 376.37  0 22 28 38081  4 807529 75690 3.2 25 8 1 2 38% 5410997 4583 88%
c u 377.10  0 22 28 38081  4 807529 75407 3.2 25 8 1 2 38% 5410997 4583 88%
c v 377.43  0 22 28 38081  4 807529 75279 3.2 25 8 1 2 38% 5410997 4583 88%
c w 377.43  0 22 28 38081  4 807529 75279 3.2 25 8 1 2 38% 5410997 4583 88%
c t 377.45  0 22 28 38081  4 807529 75275 3.2 25 8 1 2 38% 5410055 4583 88%
c # 381.95  0 22 28 38803  4 820099 86046 3.2 25 8 1 2 38% 5410055 4583 88%
c i 388.45  0 22 28 39695  3 836914 99599 3.1 24 8 1 2 38% 5410055 4582 88%
c } 394.63  0 22 28 40901  3 850309 111063 3.1 25 8 1 2 38% 5410055 4582 88%
c [ 394.63  0 37 28 40901  2 850309 111063 2.0 35 17 1 2 33% 5410055 4582 88%
c B 397.28  0 36 28 40901  2 861100 120575 2.1 34 17 1 2 32% 5410055 4582 88%
c - 400.43  0 38 29 40901  2 868932 76309 2.1 36 18 1 2 34% 5410046 4582 88%
c p 400.65  0 38 29 40901  2 868932 79077 2.1 36 18 1 2 34% 5410046 4581 88%
c u 401.49  0 38 29 40901  2 868932 78618 2.1 36 18 1 2 34% 5410046 4581 88%
c v 401.90  0 38 29 40901  2 868932 78361 2.1 36 18 1 2 34% 5410046 4581 88%
c 
c  seconds   reductions    conflicts         size   tier2        variables
c          MB      restarts       redundant     glue   trail          remaining
c           level        rate          size/glue  tier1   irredundant
c 
c w 401.92  0 38 29 40901  2 868932 78361 2.1 36 18 1 2 34% 5410046 4581 88%
c t 401.94  0 38 29 40901  2 868932 78352 2.1 36 18 1 2 34% 5410046 4581 88%
c i 405.44  0 37 29 40901  2 880128 87563 2.1 36 17 1 2 35% 5410046 4579 88%
c W 412.99  0 37 29 40914  2 903103 96325 2.1 36 17 1 2 36% 5199332 4579 88%
c s 419.21  0 38 29 40926  2 932065 120824 2.0 35 18 1 2 36% 5154272 4579 88%
c t 419.27  0 38 29 40926  2 932065 120818 2.0 35 18 1 2 36% 5153904 4579 88%
c e 419.39  0 38 29 40926  2 932065 117203 2.0 35 18 1 2 36% 5153877 4567 88%
c s 419.60  0 38 29 40926  2 932065 117203 2.0 35 18 1 2 36% 5108652 4567 88%
c - 420.13  0 38 30 40926  2 932626 72016 2.0 35 18 1 2 36% 5108652 4567 88%
c 2 420.14  0 38 30 40926  2 932626 72015 2.0 35 18 1 2 36% 5108479 4567 88%
c p 420.25  0 38 30 40926  2 932626 72279 2.0 35 18 1 2 36% 5108479 4567 88%
c t 420.28  0 38 30 40926  2 932626 72279 2.0 35 18 1 2 36% 5108210 4567 88%
c O 423.33  0 38 30 40931  2 946104 83936 2.0 35 18 1 2 36% 5108210 4567 88%
c B 429.82  0 35 30 40946  2 990105 122775 2.0 33 16 1 2 31% 5108210 4567 88%
c - 432.67  0 36 31 40947  2 998013 72148 2.0 33 17 1 2 32% 5108210 4567 88%
c p 432.77  0 36 31 40947  2 998013 72442 2.0 33 17 1 2 32% 5108210 4567 88%
c u 433.66  0 36 31 40947  2 998013 72101 2.0 33 17 1 2 32% 5108210 4567 88%
c v 433.72  0 36 31 40947  2 998013 72097 2.0 33 17 1 2 32% 5108210 4567 88%
c w 433.73  0 36 31 40947  2 998013 72097 2.0 33 17 1 2 32% 5108210 4567 88%
c t 433.75  0 36 31 40947  2 998013 72095 2.0 33 17 1 2 32% 5108209 4567 88%
c 
c  seconds   reductions     conflicts         size   tier2        variables
c          MB      restarts        redundant     glue   trail          remaining
c           level        rate           size/glue  tier1   irredundant
c 
c i 441.38  0 34 31 40961  2 1025057 94214 2.0 32 16 1 2 34% 5108209 4566 88%
c W 446.18  0 34 31 40963  2 1035110 82383 2.0 32 16 1 2 35% 5044585 4566 88%
c ] 450.48  0 34 31 40964  2 1059321 103212 2.0 32 16 1 2 36% 5044585 4566 88%
c { 450.48  0 22 31 40964  3 1059321 103212 3.1 25 8 1 2 38% 5044585 4566 88%
c - 453.05  0 22 32 41418  3 1065652 68367 3.1 25 8 1 2 38% 5044585 4566 88%
c p 453.26  0 22 32 41418  3 1065652 70218 3.1 25 8 1 2 38% 5044585 4566 88%
c = 454.58  0 22 32 41418  3 1065652 70218 3.1 25 8 1 2 38% 5044583 4565 88%
c u 455.03  0 22 32 41418  3 1065652 69777 3.1 25 8 1 2 38% 5044583 4565 88%
c w 455.03  0 22 32 41418  3 1065652 69777 3.1 25 8 1 2 38% 5044583 4565 88%
c x 455.53  0 22 32 41418  3 1065652 69777 3.1 25 8 1 2 38% 5044077 4565 88%
c t 455.55  0 22 32 41418  3 1065652 69777 3.1 25 8 1 2 38% 5044067 4565 88%
c B 461.28  0 22 32 42426  3 1081112 82876 3.1 25 8 1 2 38% 5044066 4565 88%
c W 480.10  0 21 32 45401  3 1128114 122393 3.1 25 8 1 2 37% 5044066 4565 88%
c s 483.00  0 21 32 45864  3 1134617 127789 3.1 25 8 1 2 37% 4996599 4565 88%
c t 483.06  0 21 32 45864  3 1134617 127789 3.1 25 8 1 2 37% 4996153 4565 88%
c e 483.18  0 21 32 45864  3 1134617 127596 3.1 25 8 1 2 37% 4996147 4557 88%
c s 483.38  0 21 32 45864  3 1134617 127596 3.1 25 8 1 2 37% 4955125 4557 88%
c - 484.19  0 21 33 45932  3 1135403 79569 3.1 25 8 1 2 37% 4955125 4557 88%
c 2 484.20  0 21 33 45932  3 1135403 79569 3.1 25 8 1 2 37% 4955008 4557 88%
c p 484.39  0 21 33 45932  3 1135403 80805 3.1 25 8 1 2 37% 4955008 4557 88%
c 
c  seconds   reductions     conflicts         size  tier2        variables
c          MB      restarts        redundant     glue  trail          remaining
c           level        rate           size/glue tier1   irredundant
c 
c u 486.10  0 21 33 45932  3 1135403 80509 3.1 25 8 1 2 37% 4956886 4557 88%
c v 486.52  0 21 33 45932  3 1135403 80200 3.1 25 8 1 2 37% 4956886 4557 88%
c w 486.52  0 21 33 45932  3 1135403 80200 3.1 25 8 1 2 37% 4956886 4557 88%
c t 486.54  0 21 33 45932  3 1135403 80200 3.1 25 8 1 2 37% 4954974 4557 88%
c F 501.40  0 21 33 48615  3 1176115 114771 3.2 25 8 1 2 37% 4954974 4557 88%
c - 512.60  0 21 34 50539  3 1207195 87865 3.1 25 8 1 2 37% 4954974 4557 88%
c d 512.69  0 21 34 50539  3 1207195 87567 3.1 25 8 1 2 37% 4954974 4556 88%
c p 512.88  0 21 34 50539  3 1207195 88490 3.1 25 8 1 2 37% 4954974 4556 88%
c 2 512.90  0 21 34 50539  3 1207195 88488 3.1 25 8 1 2 37% 4954974 4556 88%
c u 513.68  0 21 34 50539  3 1207195 88242 3.1 25 8 1 2 37% 4954974 4556 88%
c v 514.11  0 21 34 50539  3 1207195 88171 3.1 25 8 1 2 37% 4954974 4556 88%
c t 514.13  0 21 34 50539  3 1207195 88166 3.1 25 8 1 2 37% 4954828 4556 88%
c B 521.11  0 20 34 51721  3 1225118 102937 3.1 25 8 1 2 37% 4954828 4556 88%
c } 524.29  0 20 34 52366  3 1232632 109272 3.1 25 8 1 2 37% 4954828 4556 88%
c [ 524.29  0 34 34 52366  2 1232632 109272 2.0 32 16 1 2 36% 4954828 4556 88%
c I 531.36  0 32 34 52377  2 1275119 146563 2.0 31 16 1 2 33% 4954828 4556 88%
c - 533.26  0 31 35 52380  2 1281223 91594 2.0 31 15 1 2 33% 4954828 4556 88%
c p 533.43  0 31 35 52380  2 1281223 92266 2.0 31 15 1 2 33% 4954828 4556 88%
c u 535.63  0 31 35 52380  2 1281223 91786 2.0 31 15 1 2 33% 4954828 4556 88%
c v 535.90  0 31 35 52380  2 1281223 91674 2.0 31 15 1 2 33% 4954828 4556 88%
c 
c  seconds   reductions     conflicts         size   tier2        variables
c          MB      restarts        redundant     glue   trail          remaining
c           level        rate           size/glue  tier1   irredundant
c 
c w 535.91  0 31 35 52380  2 1281223 91674 2.0 31 15 1 2 33% 4954828 4556 88%
c t 535.93  0 31 35 52380  2 1281223 91673 2.0 31 15 1 2 33% 4954827 4556 88%
c B 542.99  0 30 35 52397  1 1326123 130975 2.0 31 15 1 2 29% 4954827 4556 88%
c s 549.79  0 38 35 52406  2 1356523 157641 1.9 35 18 1 2 30% 4911808 4556 88%
c t 549.85  0 38 35 52406  2 1356523 157641 1.9 35 18 1 2 30% 4911515 4556 88%
c e 549.97  0 38 35 52406  2 1356523 141573 1.9 35 18 1 2 30% 4911510 4551 88%
c s 550.18  0 38 35 52406  2 1356523 141571 1.9 35 18 1 2 30% 4870904 4551 88%
c - 550.83  0 39 36 52407  2 1357491 85718 1.9 35 18 1 2 31% 4870904 4551 88%
c 2 550.83  0 39 36 52407  2 1357491 85718 1.9 35 18 1 2 31% 4870695 4551 88%
c p 550.97  0 39 36 52407  2 1357491 86349 1.9 35 18 1 2 31% 4870695 4551 88%
c t 550.99  0 39 36 52407  2 1357491 86349 1.9 35 18 1 2 31% 4870554 4551 88%
c W 558.52  0 40 36 52415  2 1378124 103570 1.8 35 19 1 2 31% 4870554 4551 88%
c O 567.82  0 36 36 52429  2 1431125 149918 1.9 33 18 1 2 29% 4870554 4551 88%
c - 568.99  0 36 37 52429  2 1435775 86794 1.9 32 17 1 2 29% 4870554 4551 88%
c p 569.11  0 36 37 52429  2 1435775 87260 1.9 32 17 1 2 29% 4870554 4551 88%
c u 570.08  0 36 37 52429  2 1435775 86912 1.9 32 17 1 2 29% 4870554 4551 88%
c v 570.19  0 36 37 52429  2 1435775 86868 1.9 32 17 1 2 29% 4870554 4551 88%
c w 570.20  0 36 37 52429  2 1435775 86868 1.9 32 17 1 2 29% 4870554 4551 88%
c t 570.21  0 36 37 52429  2 1435775 86867 1.9 32 17 1 2 29% 4870552 4551 88%
c B 580.24  0 32 37 52430  2 1485126 130599 2.0 32 16 1 2 27% 4870552 4551 88%
c 
c  seconds   reductions     conflicts         size   tier2        variables
c          MB      restarts        redundant     glue   trail          remaining
c           level        rate           size/glue  tier1   irredundant
c 
c - 585.54  0 32 38 52430  2 1516281 89203 1.9 32 16 1 2 27% 4870552 4551 88%
c p 585.70  0 32 38 52430  2 1516281 89507 1.9 32 16 1 2 27% 4870552 4551 88%
c u 586.29  0 32 38 52430  2 1516281 89180 1.9 32 16 1 2 27% 4870552 4551 88%
c v 586.53  0 32 38 52430  2 1516281 89076 1.9 32 16 1 2 27% 4870552 4551 88%
c w 586.55  0 32 38 52430  2 1516281 89076 1.9 32 16 1 2 27% 4870552 4551 88%
c t 586.56  0 32 38 52430  2 1516281 89074 1.9 32 16 1 2 27% 4870552 4551 88%
c W 591.92  0 32 38 52431  2 1540128 109817 1.9 31 16 1 2 27% 4870552 4551 88%
c ] 593.68  0 32 38 52431  2 1546155 114752 1.9 31 16 1 2 26% 4870552 4551 88%
c { 593.68  0 20 38 52431  3 1546155 114752 3.1 25 8 1 2 37% 4870552 4551 88%
c i 601.44  0 20 38 53596  3 1567894 132178 3.1 25 8 1 2 37% 4870552 4550 88%
c W 612.00  0 20 38 55137  3 1596130 150951 3.0 24 8 1 2 37% 4870542 4550 88%
c s 612.90  0 20 38 55241  3 1598058 152545 3.0 24 8 1 2 37% 4832726 4550 88%
c t 612.96  0 20 38 55241  3 1598058 152542 3.0 24 8 1 2 37% 4832454 4550 88%
c e 613.07  0 20 38 55241  3 1598058 152491 3.0 24 8 1 2 37% 4832453 4549 88%
c s 613.27  0 20 38 55241  3 1598058 152491 3.0 24 8 1 2 37% 4803879 4549 88%
c - 614.08  0 20 39 55316  3 1599015 93721 3.0 24 8 1 2 37% 4803879 4549 88%
c 2 614.09  0 20 39 55316  3 1599015 93721 3.0 24 8 1 2 37% 4803606 4549 88%
c p 614.26  0 20 39 55316  3 1599015 94720 3.0 24 8 1 2 37% 4803606 4549 88%
c u 616.31  0 20 39 55316  3 1599015 94533 3.0 24 8 1 2 37% 4803606 4549 88%
c v 616.57  0 20 39 55316  3 1599015 94413 3.0 24 8 1 2 37% 4803606 4549 88%
c 
c  seconds   reductions     conflicts         size  tier2        variables
c          MB      restarts        redundant     glue  trail          remaining
c           level        rate           size/glue tier1   irredundant
c 
c w 616.58  0 20 39 55316  3 1599015 94413 3.0 24 8 1 2 37% 4803606 4549 88%
c x 616.93  0 20 39 55316  3 1599015 94413 3.0 24 8 1 2 37% 4803142 4549 88%
c t 616.95  0 20 39 55316  3 1599015 94406 3.0 24 8 1 2 37% 4803019 4549 88%
c # 636.17  0 19 39 58625  3 1653131 139116 3.0 24 8 1 2 36% 4803019 4549 88%
c i 639.38  0 19 39 59226  3 1661626 146109 3.0 24 8 1 2 36% 4803019 4548 88%
c - 648.00  0 20 40 60916  3 1683788 102541 3.0 24 8 1 2 35% 4803008 4548 88%
c p 648.24  0 20 40 60916  3 1683788 103416 3.0 24 8 1 2 35% 4803008 4548 88%
c u 650.01  0 20 40 60916  3 1683788 102980 3.0 24 8 1 2 35% 4804630 4548 88%
c v 650.51  0 20 40 60916  3 1683788 102775 3.0 24 8 1 2 35% 4804630 4548 88%
c w 650.52  0 20 40 60916  3 1683788 102775 3.0 24 8 1 2 35% 4804630 4548 88%
c t 650.54  0 20 40 60916  3 1683788 102768 3.0 24 8 1 2 35% 4803013 4548 88%
c B 659.12  0 19 40 62331  3 1711132 125612 3.0 24 8 1 2 35% 4803013 4548 88%
c } 680.41  0 20 40 66085  3 1768505 173337 3.0 25 8 1 2 35% 4803013 4548 88%
c [ 680.41  0 32 40 66085  2 1768505 173337 1.9 31 16 1 2 26% 4803013 4548 88%
c I 680.76  0 32 40 66085  2 1770133 174771 1.9 31 16 1 2 26% 4803013 4548 88%
c - 681.26  0 32 41 66085  2 1770778 109833 1.9 31 16 1 2 26% 4803013 4548 88%
c p 681.49  0 32 41 66085  2 1770778 110813 1.9 31 16 1 2 26% 4803013 4548 88%
c u 682.42  0 32 41 66085  2 1770778 110367 1.9 31 16 1 2 26% 4803013 4548 88%
c v 682.85  0 32 41 66085  2 1770778 110198 1.9 31 16 1 2 26% 4803013 4548 88%
c w 682.87  0 32 41 66085  2 1770778 110198 1.9 31 16 1 2 26% 4803013 4548 88%
c 
c  seconds   reductions     conflicts          size   tier2        variables
c          MB      restarts        redundant      glue   trail          remaining
c           level        rate            size/glue  tier1   irredundant
c 
c t 682.89  0 32 41 66085  2 1770778 110192 1.9 31 16 1 2 26% 4803013 4548 88%
c i 684.24  0 31 41 66085  2 1775371 113910 1.9 31 16 1 2 27% 4803013 4547 88%
c B 698.70  0 35 41 66085  1 1830135 162616 1.9 32 17 1 2 24% 4803013 4547 88%
c s 706.37  0 35 41 66085  1 1859215 187031 1.9 33 17 1 2 26% 4763922 4547 88%
c t 706.43  0 35 41 66085  1 1859215 187031 1.9 33 17 1 2 26% 4763472 4547 88%
c e 706.54  0 35 41 66085  1 1859215 186792 1.9 33 17 1 2 26% 4711820 4541 88%
c s 706.75  0 35 41 66085  1 1859215 186791 1.9 33 17 1 2 26% 4677261 4541 88%
c - 707.46  0 35 42 66085  1 1859988 110406 1.9 33 17 1 2 26% 4677261 4541 88%
c 2 707.47  0 35 42 66085  1 1859988 110406 1.9 33 17 1 2 26% 4677018 4541 88%
c p 707.66  0 35 42 66085  1 1859988 110861 1.9 33 17 1 2 26% 4677018 4541 88%
c u 708.22  0 35 42 66085  1 1859988 110703 1.9 33 17 1 2 26% 4677018 4541 88%
c v 708.47  0 35 42 66085  1 1859988 110583 1.9 33 17 1 2 26% 4677018 4541 88%
c w 708.47  0 35 42 66085  1 1859988 110583 1.9 33 17 1 2 26% 4677018 4541 88%
c x 708.86  0 35 42 66085  1 1859988 110583 1.9 33 17 1 2 26% 4676686 4541 88%
c t 708.88  0 35 42 66085  1 1859988 110581 1.9 33 17 1 2 26% 4676502 4541 88%
c W 719.58  0 34 42 66091  1 1891136 138014 1.9 33 17 1 2 27% 4676502 4541 88%
c - 729.97  0 32 43 66116  2 1951021 105483 1.9 32 17 1 2 29% 4676502 4541 88%
c p 730.11  0 32 43 66116  2 1951021 106067 1.9 32 17 1 2 29% 4676502 4541 88%
c t 730.13  0 32 43 66116  2 1951021 106067 1.9 32 17 1 2 29% 4676501 4541 88%
c O 730.65  0 32 43 66116  2 1953140 107814 1.9 32 17 1 2 29% 4676501 4541 88%
c 
c  seconds   reductions     conflicts          size   tier2        variables
c          MB      restarts        redundant      glue   trail          remaining
c           level        rate            size/glue  tier1   irredundant
c 
c B 744.81  0 29 43 66141  2 2016141 162879 2.0 31 15 1 2 26% 4676501 4541 88%
c - 751.27  0 29 44 66147  2 2044252 108118 2.0 30 15 1 2 26% 4676501 4541 88%
c p 751.46  0 29 44 66147  2 2044252 108794 2.0 30 15 1 2 26% 4676501 4541 88%
c u 753.44  0 29 44 66147  2 2044252 108246 2.0 30 15 1 2 26% 4676501 4541 88%
c v 753.48  0 29 44 66147  2 2044252 108242 2.0 30 15 1 2 26% 4676501 4541 88%
c w 753.49  0 29 44 66147  2 2044252 108241 2.0 30 15 1 2 26% 4676501 4541 88%
c t 753.51  0 29 44 66147  2 2044252 108236 2.0 30 15 1 2 26% 4676501 4541 88%
c W 762.27  0 30 44 66148  1 2080146 139598 2.0 30 15 1 2 26% 4676501 4541 88%
c ] 768.90  0 32 44 66166  2 2121435 176053 1.9 31 16 1 2 26% 4676501 4541 88%
c { 768.90  0 20 44 66166  3 2121435 176053 3.0 25 8 1 2 35% 4676501 4541 88%
c s 775.57  0 19 44 67220  3 2139452 190665 3.0 24 8 1 2 35% 4643683 4541 88%
c t 775.62  0 19 44 67220  3 2139452 190665 3.0 24 8 1 2 35% 4643272 4541 88%
c e 775.73  0 19 44 67220  3 2139452 190570 3.0 24 8 1 2 35% 4643272 4540 88%
c s 775.95  0 19 44 67220  3 2139452 190568 3.0 24 8 1 2 35% 4617351 4540 88%
c - 776.46  0 19 45 67228  3 2139687 111375 3.0 24 8 1 2 35% 4617351 4540 88%
c 2 776.47  0 19 45 67228  3 2139687 111375 3.0 24 8 1 2 35% 4616928 4540 88%
c p 776.63  0 19 45 67228  3 2139687 111693 3.0 24 8 1 2 35% 4616928 4540 88%
c u 777.28  0 19 45 67228  3 2139687 111441 3.0 24 8 1 2 35% 4616928 4540 88%
c v 777.62  0 19 45 67228  3 2139687 111297 3.0 24 8 1 2 35% 4616928 4540 88%
c w 777.62  0 19 45 67228  3 2139687 111297 3.0 24 8 1 2 35% 4616928 4540 88%
c 
c  seconds   reductions     conflicts          size  tier2        variables
c          MB      restarts        redundant      glue  trail          remaining
c           level        rate            size/glue tier1   irredundant
c 
c t 777.64  0 19 45 67228  3 2139687 111296 3.0 24 8 1 2 35% 4616785 4540 88%
c W 780.50  0 19 45 67518  3 2145151 115800 3.0 24 8 1 2 35% 4616785 4540 88%
c F 803.13  0 19 45 71547  3 2211152 170034 3.0 24 8 1 2 34% 4616785 4540 88%
c i 805.83  0 19 45 71932  3 2218767 176097 3.0 24 8 1 2 34% 4616785 4539 88%
c - 812.99  0 19 46 73090  3 2237121 118233 3.0 24 8 1 2 34% 4571845 4539 88%
c p 813.27  0 19 46 73090  3 2237121 119147 3.0 24 8 1 2 34% 4571845 4539 88%
c u 814.30  0 19 46 73090  3 2237121 118841 3.0 24 8 1 2 34% 4571845 4539 88%
c v 814.79  0 19 46 73090  3 2237121 118657 3.0 24 8 1 2 34% 4571845 4539 88%
c w 814.80  0 19 46 73090  3 2237121 118657 3.0 24 8 1 2 34% 4571845 4539 88%
c t 814.81  0 19 46 73090  3 2237121 118653 3.0 24 8 1 2 34% 4571845 4539 88%
c i 827.88  0 19 46 75486  3 2276431 151000 2.9 24 8 1 2 34% 4571845 4538 88%
c B 828.60  0 19 46 75611  3 2278154 152521 2.9 24 8 1 2 34% 4571845 4538 88%
c - 849.40  0 19 47 79485  3 2336590 126126 2.8 23 8 1 2 33% 4536043 4538 88%
c p 849.68  0 19 47 79485  3 2336590 126964 2.8 23 8 1 2 33% 4536043 4538 88%
c u 850.43  0 19 47 79485  3 2336590 126680 2.8 23 8 1 2 33% 4536043 4538 88%
c v 850.81  0 19 47 79485  3 2336590 126492 2.8 23 8 1 2 33% 4536043 4538 88%
c w 850.81  0 19 47 79485  3 2336590 126492 2.8 23 8 1 2 33% 4536043 4538 88%
c x 851.32  0 19 47 79485  3 2336590 126491 2.8 23 8 1 2 33% 4535208 4538 88%
c t 851.33  0 19 47 79485  3 2336590 126489 2.8 23 8 1 2 33% 4535200 4538 88%
c W 857.87  0 19 47 80028  3 2346155 134087 2.8 23 8 1 2 33% 4535200 4538 88%
c 
c  seconds   reductions     conflicts          size  tier2        variables
c          MB      restarts        redundant      glue  trail          remaining
c           level        rate            size/glue tier1   irredundant
c 
c i 858.48  0 19 47 80103  3 2348479 135814 2.8 23 8 1 2 34% 4535200 4537 88%
c } 873.82  0 19 47 82759  3 2395070 173846 2.9 23 8 1 2 33% 4535200 4537 88%
c [ 873.82  0 32 47 82759  2 2395070 173846 1.9 31 16 1 2 26% 4535200 4537 88%
c i 878.09  0 32 47 82769  2 2411919 188640 2.0 32 16 1 2 27% 4535200 4535 87%
c I 878.65  0 32 47 82770  2 2415157 191401 2.0 32 16 1 2 28% 4535200 4535 87%
c - 884.58  0 31 48 82772  2 2438115 128937 2.1 32 15 1 2 29% 4484785 4535 87%
c 2 884.59  0 31 48 82772  2 2438115 128935 2.1 32 15 1 2 29% 4484785 4535 87%
c d 884.67  0 31 48 82772  2 2438115 128620 2.1 32 15 1 2 29% 4484779 4531 87%
c p 884.90  0 31 48 82772  2 2438115 129326 2.1 32 15 1 2 29% 4484779 4531 87%
c u 886.60  0 31 48 82772  2 2438115 128974 2.1 32 15 1 2 29% 4485839 4531 87%
c v 887.09  0 31 48 82772  2 2438115 128759 2.1 32 15 1 2 29% 4485839 4531 87%
c w 887.09  0 31 48 82772  2 2438115 128759 2.1 32 15 1 2 29% 4485839 4531 87%
c t 887.11  0 31 48 82772  2 2438115 128752 2.1 32 15 1 2 29% 4484780 4531 87%
c s 887.67  0 31 48 82772  2 2439158 129674 2.1 33 15 1 2 29% 4452545 4531 87%
c t 887.73  0 31 48 82772  2 2439158 129674 2.1 33 15 1 2 29% 4451987 4531 87%
c e 887.83  0 31 48 82772  2 2439158 127675 2.1 33 15 1 2 29% 4451977 4527 87%
c s 888.05  0 31 48 82772  2 2439158 127615 2.1 33 15 1 2 29% 4418237 4527 87%
c e 888.14  0 31 48 82772  2 2439158 127563 2.1 33 15 1 2 29% 4418233 4523 87%
c i 891.95  0 30 48 82779  2 2453400 139296 2.1 32 15 1 2 30% 4418233 4522 87%
c i 897.59  0 29 48 82787  2 2473425 155855 2.1 32 15 1 2 32% 4418233 4520 87%
c 
c  seconds   reductions     conflicts          size   tier2        variables
c          MB      restarts        redundant      glue   trail          remaining
c           level        rate            size/glue  tier1   irredundant
c 
c B 900.79  0 30 48 82794  2 2485158 165850 2.1 31 15 1 2 33% 4418233 4520 87%
c - 912.03  0 36 49 82804  2 2541628 120045 2.0 32 16 1 2 32% 4376144 4520 87%
c 2 912.04  0 36 49 82804  2 2541628 120040 2.0 32 16 1 2 32% 4374935 4520 87%
c d 912.11  0 36 49 82804  2 2541628 120034 2.0 32 16 1 2 32% 4374920 4515 87%
c p 912.27  0 36 49 82804  2 2541628 120484 2.0 32 16 1 2 32% 4374920 4515 87%
c 2 912.29  0 36 49 82804  2 2541628 120407 2.0 32 16 1 2 32% 4374920 4515 87%
c u 913.04  0 36 49 82804  2 2541628 120072 2.0 32 16 1 2 32% 4374920 4515 87%
c v 913.06  0 36 49 82804  2 2541628 120070 2.0 32 16 1 2 32% 4374920 4515 87%
c w 913.07  0 36 49 82804  2 2541628 120070 2.0 32 16 1 2 32% 4374920 4515 87%
c t 913.09  0 36 49 82804  2 2541628 120054 2.0 32 16 1 2 32% 4374250 4515 87%
c W 918.92  0 35 49 82804  2 2556163 133027 2.0 32 16 1 2 31% 4374250 4515 87%
c O 934.92  0 38 49 82808  1 2628167 197062 1.9 32 16 1 2 25% 4374250 4515 87%
c - 938.48  0 36 50 82819  1 2646891 123203 1.9 31 16 1 2 24% 4374250 4515 87%
c p 938.68  0 36 50 82819  1 2646891 123480 1.9 31 16 1 2 24% 4374250 4515 87%
c u 940.83  0 36 50 82819  1 2646891 123157 1.9 31 16 1 2 24% 4374250 4515 87%
c v 941.07  0 36 50 82819  1 2646891 123089 1.9 31 16 1 2 24% 4374250 4515 87%
c t 941.08  0 36 50 82819  1 2646891 123080 1.9 31 16 1 2 24% 4374250 4515 87%
c i 947.70  0 30 50 82834  1 2684201 154153 2.0 28 14 1 2 24% 4374250 4514 87%
c B 951.76  0 31 50 82836  1 2701168 168828 2.0 29 14 1 2 24% 4374250 4514 87%
c - 962.60  0 28 51 82858  2 2754304 116764 2.0 28 14 1 2 24% 4364305 4514 87%
c 
c  seconds   reductions     conflicts          size   tier2        variables
c          MB      restarts        redundant      glue   trail          remaining
c           level        rate            size/glue  tier1   irredundant
c 
c 2 962.60  0 28 51 82858  2 2754304 116761 2.0 28 14 1 2 24% 4364305 4514 87%
c p 962.76  0 28 51 82858  2 2754304 117326 2.0 28 14 1 2 24% 4364305 4514 87%
c u 963.53  0 28 51 82858  2 2754304 117135 2.0 28 14 1 2 24% 4364305 4514 87%
c v 963.55  0 28 51 82858  2 2754304 117132 2.0 28 14 1 2 24% 4364305 4514 87%
c w 963.55  0 28 51 82858  2 2754304 117132 2.0 28 14 1 2 24% 4364305 4514 87%
c t 963.57  0 28 51 82858  2 2754304 117128 2.0 28 14 1 2 24% 4364304 4514 87%
c s 964.40  0 28 51 82860  2 2756986 119371 2.0 28 14 1 2 24% 4350712 4514 87%
c t 964.46  0 28 51 82860  2 2756986 119371 2.0 28 14 1 2 24% 4350037 4514 87%
c e 964.56  0 28 51 82860  2 2756986 114860 2.0 28 14 1 2 24% 4349883 4433 86%
c ^ 964.63  0 28 51 82860  2 2756986 114860 2.0 28 14 1 2 24% 4349883 4433 86%
c W 970.09  0 27 51 82866  2 2775169 130298 2.0 28 13 1 2 24% 4349883 4433 86%
c ] 973.00  0 29 51 82867  2 2792052 145489 2.1 31 14 1 2 26% 4349883 4433 86%
c { 973.00  0 19 51 82867  3 2792052 145489 2.9 23 8 1 2 33% 4349883 4433 86%
c i 976.22  0 18 51 83267  3 2803212 154405 2.8 23 8 1 2 33% 4349883 4432 85%
c # 992.37  0 18 51 86225  3 2850170 192151 2.8 23 8 1 2 32% 4349883 4432 85%
c - 997.42  0 18 52 87181  3 2863837 122884 2.8 23 8 1 2 32% 4308992 4432 85%
c 2 997.42  0 18 52 87181  3 2863837 122882 2.8 23 8 1 2 32% 4308992 4432 85%
c p 997.67  0 18 52 87181  3 2863837 123495 2.8 23 8 1 2 32% 4308992 4432 85%
c u 998.36  0 18 52 87181  3 2863837 123239 2.8 23 8 1 2 32% 4308992 4432 85%
c v 998.71  0 18 52 87181  3 2863837 123126 2.8 23 8 1 2 32% 4308992 4432 85%
c 
c  seconds   reductions     conflicts          size  tier2        variables
c          MB      restarts        redundant      glue  trail          remaining
c           level        rate            size/glue tier1   irredundant
c 
c x 999.24  0 18 52 87181  3 2863837 123126 2.8 23 8 1 2 32% 4307764 4432 85%
c t 999.25  0 18 52 87181  3 2863837 123124 2.8 23 8 1 2 32% 4307741 4432 85%
c B 1019.83  0 18 52 91433  3 2926173 174083 2.8 23 8 1 2 32% 4307741 4432 85%
c - 1036.34  0 18 53 94267  3 2975289 133756 2.7 22 8 1 2 32% 4307741 4432 85%
c p 1036.62  0 18 53 94267  3 2975289 134408 2.7 22 8 1 2 32% 4307741 4432 85%
c u 1037.72  0 18 53 94267  3 2975289 134069 2.7 22 8 1 2 32% 4307741 4432 85%
c v 1038.29  0 18 53 94267  3 2975289 133844 2.7 22 8 1 2 32% 4307741 4432 85%
c w 1038.30  0 18 53 94267  3 2975289 133844 2.7 22 8 1 2 32% 4307741 4432 85%
c t 1038.31  0 18 53 94267  3 2975289 133827 2.7 22 8 1 2 32% 4307741 4432 85%
c i 1043.90  0 18 53 95200  3 2995724 149905 2.7 22 8 1 2 31% 4307741 4431 85%
c W 1049.92  0 18 53 95634  3 3003174 147435 2.7 22 8 1 2 31% 4298213 4431 85%
c F 1075.50  0 18 53 100667  3 3081175 209746 2.7 22 8 1 2 31% 4298213 4431 85%
c - 1078.45  0 18 54 101182  3 3088883 138784 2.7 22 8 1 2 31% 4298213 4431 85%
c 2 1078.46  0 18 54 101182  3 3088883 138781 2.7 22 8 1 2 31% 4298213 4431 85%
c p 1078.73  0 18 54 101182  3 3088883 140073 2.7 22 8 1 2 31% 4298213 4431 85%
c u 1079.81  0 18 54 101182  3 3088883 139530 2.7 22 8 1 2 31% 4298213 4431 85%
c v 1080.30  0 18 54 101182  3 3088883 139291 2.7 22 8 1 2 31% 4298213 4431 85%
c w 1080.30  0 18 54 101182  3 3088883 139291 2.7 22 8 1 2 31% 4298213 4431 85%
c t 1080.32  0 18 54 101182  3 3088883 139286 2.7 22 8 1 2 31% 4298113 4431 85%
c i 1080.66  0 18 54 101256  3 3089723 139890 2.7 22 8 1 2 31% 4298113 4430 85%
c 
c   seconds   reductions      conflicts          size  tier2        variables
c           MB      restarts         redundant      glue  trail          remaining
c            level         rate            size/glue tier1   irredundant
c 
c e 1082.86  0 18 54 101688  3 3094896 129653 2.8 22 8 1 2 31% 4298305 4187 81%
c ^ 1082.95  0 18 54 101688  3 3094896 129653 2.8 22 8 1 2 31% 4298305 4187 81%
c } 1095.45  0 18 54 104030  3 3136546 162667 2.7 22 8 1 2 31% 4298305 4187 81%
c [ 1095.45  0 29 54 104030  2 3136546 162667 2.1 31 14 1 2 28% 4298305 4187 81%
c I 1099.66  0 31 54 104031  2 3160179 183993 2.1 32 15 1 2 28% 4298305 4187 81%
c - 1107.76  0 31 55 104046  2 3204585 132623 2.0 32 16 1 2 30% 4298305 4187 81%
c 2 1107.77  0 31 55 104046  2 3204585 132621 2.0 32 16 1 2 30% 4298305 4187 81%
c p 1107.95  0 31 55 104046  2 3204585 133858 2.0 32 16 1 2 30% 4298305 4187 81%
c u 1108.53  0 31 55 104046  2 3204585 133795 2.0 32 16 1 2 30% 4298305 4187 81%
c v 1108.79  0 31 55 104046  2 3204585 133627 2.0 32 16 1 2 30% 4298305 4187 81%
c w 1108.81  0 31 55 104046  2 3204585 133627 2.0 32 16 1 2 30% 4298305 4187 81%
c x 1109.32  0 31 55 104046  2 3204585 133627 2.0 32 16 1 2 30% 4297597 4187 81%
c t 1109.34  0 31 55 104046  2 3204585 133620 2.0 32 16 1 2 30% 4297570 4187 81%
c B 1114.78  0 31 55 104062  2 3240181 164309 2.0 32 16 1 2 29% 4297570 4187 81%
c W 1137.20  0 35 55 104092  2 3321183 234103 1.9 32 17 1 2 28% 4297570 4187 81%
c - 1137.81  0 35 56 104093  2 3322433 134071 1.9 32 17 1 2 28% 4297570 4187 81%
c p 1138.01  0 35 56 104093  2 3322433 134875 1.9 32 17 1 2 28% 4297570 4187 81%
c u 1138.81  0 35 56 104093  2 3322433 134629 1.9 32 17 1 2 28% 4297570 4187 81%
c v 1139.22  0 35 56 104093  2 3322433 134166 1.9 32 17 1 2 28% 4297570 4187 81%
c w 1139.22  0 35 56 104093  2 3322433 134166 1.9 32 17 1 2 28% 4297570 4187 81%
c 
c   seconds   reductions      conflicts          size   tier2        variables
c           MB      restarts         redundant      glue   trail          remaining
c            level         rate            size/glue  tier1   irredundant
c 
c t 1139.24  0 35 56 104093  2 3322433 134148 1.9 32 17 1 2 28% 4297569 4187 81%
c O 1153.75  0 28 56 104095  1 3403184 206211 2.1 30 14 1 2 24% 4297569 4187 81%
c - 1161.43  0 30 57 104096  1 3442424 133935 1.9 31 16 1 2 23% 4297569 4187 81%
c p 1161.59  0 30 57 104096  1 3442424 134736 1.9 31 16 1 2 23% 4297569 4187 81%
c u 1164.32  0 30 57 104096  1 3442424 134561 1.9 31 16 1 2 23% 4297724 4187 81%
c v 1164.59  0 30 57 104096  1 3442424 134366 1.9 31 16 1 2 23% 4297724 4187 81%
c w 1164.60  0 30 57 104096  1 3442424 134366 1.9 31 16 1 2 23% 4297724 4187 81%
c x 1165.03  0 30 57 104096  1 3442424 134366 1.9 31 16 1 2 23% 4297024 4187 81%
c t 1165.05  0 30 57 104096  1 3442424 134356 1.9 31 16 1 2 23% 4296866 4187 81%
c t 1168.06  0 30 57 104096  1 3455027 144926 1.9 31 16 1 2 24% 4296730 4187 81%
c e 1168.17  0 30 57 104096  1 3455027 135566 1.9 31 16 1 2 24% 4296912 4072 79%
c ^ 1168.24  0 30 57 104096  1 3455027 135566 1.9 31 16 1 2 24% 4296912 4072 79%
c B 1175.05  0 29 57 104096  1 3486188 161914 2.0 31 16 1 2 26% 4296912 4072 79%
c - 1191.61  0 29 58 104096  1 3564563 128547 2.0 29 15 1 2 23% 4296912 4072 79%
c 2 1191.62  0 29 58 104096  1 3564563 128545 2.0 29 15 1 2 23% 4296912 4072 79%
c p 1191.85  0 29 58 104096  1 3564563 129477 2.0 29 15 1 2 23% 4296912 4072 79%
c u 1192.45  0 29 58 104096  1 3564563 129243 2.0 29 15 1 2 23% 4296912 4072 79%
c v 1192.76  0 29 58 104096  1 3564563 129150 2.0 29 15 1 2 23% 4296912 4072 79%
c w 1192.76  0 29 58 104096  1 3564563 129150 2.0 29 15 1 2 23% 4296912 4072 79%
c x 1193.28  0 29 58 104096  1 3564563 129145 2.0 29 15 1 2 23% 4296059 4072 79%
c 
c   seconds   reductions      conflicts          size   tier2        variables
c           MB      restarts         redundant      glue   trail          remaining
c            level         rate            size/glue  tier1   irredundant
c 
c t 1193.31  0 29 58 104096  1 3564563 129058 2.0 29 15 1 2 23% 4295734 4072 79%
c W 1197.15  0 29 58 104096  1 3570189 134132 2.0 29 14 1 2 23% 4295734 4072 79%
c I 1210.12  0 27 58 104097  1 3655195 205449 2.0 28 14 1 2 23% 4295734 4072 79%
c ] 1212.35  0 27 58 104097  1 3663521 212608 2.0 27 14 1 2 22% 4295734 4072 79%
c { 1212.35  0 18 58 104097  3 3663521 212608 2.7 22 8 1 2 31% 4295734 4072 79%
c - 1220.66  0 18 59 105561  3 3688847 134759 2.7 22 8 1 2 31% 4295734 4072 79%
c p 1220.84  0 18 59 105561  3 3688847 135711 2.7 22 8 1 2 31% 4295734 4072 79%
c u 1221.42  0 18 59 105561  3 3688847 135389 2.7 22 8 1 2 31% 4295734 4072 79%
c v 1221.70  0 18 59 105561  3 3688847 135259 2.7 22 8 1 2 31% 4295734 4072 79%
c x 1222.13  0 18 59 105561  3 3688847 135259 2.7 22 8 1 2 31% 4294888 4072 79%
c t 1222.14  0 18 59 105561  3 3688847 135252 2.7 22 8 1 2 31% 4294824 4072 79%
c i 1229.84  0 18 59 107083  3 3714211 155589 2.7 22 8 1 2 31% 4294824 4071 79%
c i 1233.51  0 18 59 107695  3 3725119 164210 2.7 22 8 1 2 31% 4294824 4070 79%
c B 1239.11  0 18 59 108831  3 3741197 177218 2.7 22 8 1 2 31% 4294824 4070 79%
c i 1246.71  0 18 59 110284  3 3764213 195840 2.7 22 8 1 2 32% 4294824 4069 78%
c - 1264.31  0 18 60 113656  3 3815273 142565 2.8 23 8 1 2 31% 4160758 4069 78%
c d 1264.39  0 18 60 113656  3 3815273 142353 2.8 23 8 1 2 31% 4160752 4066 78%
c p 1264.67  0 18 60 113656  3 3815273 143465 2.8 23 8 1 2 31% 4160752 4066 78%
c 2 1264.69  0 18 60 113656  3 3815273 143438 2.8 23 8 1 2 31% 4160751 4066 78%
c u 1265.52  0 18 60 113656  3 3815273 143162 2.8 23 8 1 2 31% 4160751 4066 78%
c 
c   seconds   reductions      conflicts          size  tier2        variables
c           MB      restarts         redundant      glue  trail          remaining
c            level         rate            size/glue tier1   irredundant
c 
c v 1265.93  0 18 60 113656  3 3815273 142898 2.8 23 8 1 2 31% 4160751 4066 78%
c x 1266.61  0 18 60 113656  3 3815273 142892 2.8 23 8 1 2 31% 4159808 4066 78%
c t 1266.62  0 18 60 113656  3 3815273 142888 2.8 23 8 1 2 31% 4159764 4066 78%
c W 1274.08  0 18 60 114342  3 3828198 153398 2.8 23 8 1 2 31% 4159764 4066 78%
c i 1275.46  0 18 60 114560  3 3833519 157426 2.8 22 8 1 2 31% 4159764 4065 78%
c e 1276.89  0 18 60 114832  3 3836676 136095 2.8 22 8 1 2 31% 4150537 3794 73%
c ^ 1276.98  0 18 60 114832  3 3836676 136095 2.8 22 8 1 2 31% 4150537 3794 73%
c i 1284.50  0 18 60 116216  3 3862191 157133 2.8 22 8 1 2 30% 4150537 3793 73%
c # 1302.18  0 18 60 119285  3 3916202 200703 2.7 22 8 1 2 30% 4150537 3793 73%
c - 1312.73  0 18 61 121282  3 3943169 134880 2.7 22 8 1 2 30% 4101990 3793 73%
c 2 1312.74  0 18 61 121282  3 3943169 134877 2.7 22 8 1 2 30% 4101990 3793 73%
c p 1313.05  0 18 61 121282  3 3943169 135737 2.7 22 8 1 2 30% 4101990 3793 73%
c u 1313.94  0 18 61 121282  3 3943169 135341 2.7 22 8 1 2 30% 4101990 3793 73%
c v 1314.35  0 18 61 121282  3 3943169 135042 2.7 22 8 1 2 30% 4101990 3793 73%
c w 1314.36  0 18 61 121282  3 3943169 135042 2.7 22 8 1 2 30% 4101990 3793 73%
c x 1314.93  0 18 61 121282  3 3943169 135042 2.7 22 8 1 2 30% 4100444 3793 73%
c t 1314.95  0 18 61 121282  3 3943169 135034 2.7 22 8 1 2 30% 4100415 3793 73%
c i 1319.51  0 18 61 122054  3 3957110 146098 2.8 22 8 1 2 30% 4100415 3792 73%
c B 1335.62  0 18 61 125051  3 4005203 184970 2.8 22 8 1 2 30% 4100415 3792 73%
c i 1340.72  0 17 61 126142  3 4023438 198989 2.7 22 8 1 2 29% 4100415 3791 73%
c 
c   seconds   reductions      conflicts          size  tier2        variables
c           MB      restarts         redundant      glue  trail          remaining
c            level         rate            size/glue tier1   irredundant
c 
c - 1355.92  0 17 62 129364  3 4072886 143796 2.7 21 8 1 2 29% 3989458 3791 73%
c 2 1355.92  0 17 62 129364  3 4072886 143793 2.7 21 8 1 2 29% 3989458 3791 73%
c d 1356.00  0 17 62 129364  3 4072886 142414 2.7 21 8 1 2 29% 3989458 3789 73%
c p 1356.26  0 17 62 129364  3 4072886 143188 2.7 21 8 1 2 29% 3989458 3789 73%
c u 1357.09  0 17 62 129364  3 4072886 142897 2.7 21 8 1 2 29% 3989458 3789 73%
c v 1357.52  0 17 62 129364  3 4072886 142646 2.7 21 8 1 2 29% 3989458 3789 73%
c w 1357.52  0 17 62 129364  3 4072886 142646 2.7 21 8 1 2 29% 3989458 3789 73%
c x 1358.08  0 17 62 129364  3 4072886 142646 2.7 21 8 1 2 29% 3987649 3789 73%
c t 1358.10  0 17 62 129364  3 4072886 142636 2.7 21 8 1 2 29% 3987639 3789 73%
c } 1361.54  0 17 62 130046  3 4086804 153510 2.7 21 8 1 2 29% 3987639 3789 73%
c [ 1361.54  0 27 62 130046  1 4086804 153510 2.0 27 14 1 2 22% 3987639 3789 73%
c B 1362.86  0 27 62 130046  1 4095204 160696 2.0 27 14 1 2 22% 3987639 3789 73%
c W 1393.04  0 35 62 130046  1 4186207 239701 1.8 31 17 1 2 22% 3987639 3789 73%
c - 1397.35  0 34 63 130046  1 4204112 148266 1.8 30 17 1 2 21% 3987639 3789 73%
c p 1397.63  0 34 63 130046  1 4204112 148954 1.8 30 17 1 2 21% 3987639 3789 73%
c u 1398.62  0 34 63 130046  1 4204112 148290 1.8 30 17 1 2 21% 3987639 3789 73%
c v 1399.15  0 34 63 130046  1 4204112 148016 1.8 30 17 1 2 21% 3987639 3789 73%
c w 1399.15  0 34 63 130046  1 4204112 148016 1.8 30 17 1 2 21% 3987639 3789 73%
c t 1399.17  0 34 63 130046  1 4204112 148014 1.8 30 17 1 2 21% 3987638 3789 73%
c e 1407.21  0 33 63 130046  1 4240491 161945 1.9 31 16 1 2 21% 3989052 3531 68%
c 
c   seconds   reductions      conflicts          size   tier2        variables
c           MB      restarts         redundant      glue   trail          remaining
c            level         rate            size/glue  tier1   irredundant
c 
c ^ 1407.29  0 33 63 130046  1 4240491 161945 1.9 31 16 1 2 21% 3989052 3531 68%
c O 1414.85  0 33 63 130054  1 4278208 194250 1.9 32 17 1 2 20% 3989052 3531 68%
c i 1421.10  0 29 63 130072  1 4315244 224799 1.9 30 15 1 2 21% 3989052 3530 68%
c - 1425.40  0 32 64 130077  1 4337422 127221 1.9 30 16 1 2 25% 3979129 3530 68%
c 2 1425.41  0 32 64 130077  1 4337422 127220 1.9 30 16 1 2 25% 3979129 3530 68%
c p 1425.57  0 32 64 130077  1 4337422 127831 1.9 30 16 1 2 25% 3979129 3530 68%
c u 1426.15  0 32 64 130077  1 4337422 127679 1.9 30 16 1 2 25% 3979129 3530 68%
c v 1426.16  0 32 64 130077  1 4337422 127678 1.9 30 16 1 2 25% 3979129 3530 68%
c w 1426.17  0 32 64 130077  1 4337422 127678 1.9 30 16 1 2 25% 3979129 3530 68%
c x 1426.81  0 32 64 130077  1 4337422 127678 1.9 30 16 1 2 25% 3977924 3530 68%
c t 1426.83  0 32 64 130077  1 4337422 127678 1.9 30 16 1 2 25% 3977916 3530 68%
c B 1432.05  0 32 64 130091  1 4371209 155839 1.9 31 16 1 2 29% 3977916 3530 68%
c W 1450.50  0 36 64 130109  1 4465212 237364 1.9 32 17 1 2 30% 3977916 3530 68%
c - 1452.32  0 35 65 130115  1 4472783 134605 1.9 31 17 1 2 30% 3977916 3530 68%
c p 1452.50  0 35 65 130115  1 4472783 135156 1.9 31 17 1 2 30% 3977916 3530 68%
c = 1453.86  0 35 65 130115  1 4472783 135155 1.9 31 17 1 2 30% 3977916 3529 68%
c u 1454.58  0 35 65 130115  1 4472783 134845 1.9 31 17 1 2 30% 3977916 3529 68%
c v 1454.92  0 35 65 130115  1 4472783 134614 1.9 31 17 1 2 30% 3977916 3529 68%
c w 1454.94  0 35 65 130115  1 4472783 134614 1.9 31 17 1 2 30% 3977916 3529 68%
c t 1454.95  0 35 65 130115  1 4472783 134612 1.9 31 17 1 2 30% 3977916 3529 68%
c 
c   seconds   reductions      conflicts          size   tier2        variables
c           MB      restarts         redundant      glue   trail          remaining
c            level         rate            size/glue  tier1   irredundant
c 
c I 1466.99  0 27 65 130147  1 4560215 210200 2.2 31 15 1 2 26% 3977916 3529 68%
c i 1469.30  0 28 65 130154  1 4572417 220732 2.1 31 15 1 2 27% 3977916 3528 68%
c - 1476.51  0 28 66 130170  1 4610231 136930 2.1 31 15 1 2 29% 3928808 3528 68%
c 2 1476.51  0 28 66 130170  1 4610231 136926 2.1 31 15 1 2 29% 3928808 3528 68%
c p 1476.65  0 28 66 130170  1 4610231 137433 2.1 31 15 1 2 29% 3928808 3528 68%
c u 1477.37  0 28 66 130170  1 4610231 137135 2.1 31 15 1 2 29% 3928808 3528 68%
c v 1477.75  0 28 66 130170  1 4610231 137032 2.1 31 15 1 2 29% 3928808 3528 68%
c w 1477.76  0 28 66 130170  1 4610231 137032 2.1 31 15 1 2 29% 3928808 3528 68%
c B 1485.84  0 29 66 130172  1 4656216 177110 2.0 30 15 1 2 29% 3928808 3528 68%
c e 1487.74  0 29 66 130172  1 4666445 119580 2.0 30 15 1 2 30% 3932041 3236 62%
c i 1500.27  0 27 66 130180  1 4742843 184684 2.0 30 15 1 2 28% 3932041 3235 62%
c - 1501.81  0 28 67 130183  1 4749485 87125 2.0 30 15 1 2 29% 3910998 3235 62%
c 2 1501.81  0 28 67 130183  1 4749485 87118 2.0 30 15 1 2 29% 3910991 3235 62%
c d 1501.88  0 28 67 130183  1 4749485 86983 2.0 30 15 1 2 29% 3910982 3233 62%
c p 1502.07  0 28 67 130183  1 4749485 88642 2.0 30 15 1 2 29% 3910982 3232 62%
c c 1502.60  0 28 67 130183  1 4749485 88620 2.0 30 15 1 2 29% 3860576 3232 62%
c d 1502.68  0 28 67 130183  1 4749485 87424 2.0 30 15 1 2 29% 3859919 3231 62%
c 2 1502.70  0 28 67 130183  1 4749485 87418 2.0 30 15 1 2 29% 3859918 3231 62%
c u 1503.21  0 28 67 130183  1 4749485 87079 2.0 30 15 1 2 29% 3859918 3231 62%
c v 1503.23  0 28 67 130183  1 4749485 87073 2.0 30 15 1 2 29% 3859918 3231 62%
c 
c   seconds   reductions      conflicts         size   tier2        variables
c           MB      restarts         redundant     glue   trail          remaining
c            level         rate           size/glue  tier1   irredundant
c 
c w 1503.23  0 28 67 130183  1 4749485 87072 2.0 30 15 1 2 29% 3859918 3231 62%
c x 1503.80  0 28 67 130183  1 4749485 87072 2.0 30 15 1 2 29% 3858673 3231 62%
c t 1503.83  0 28 67 130183  1 4749485 87070 2.0 30 15 1 2 29% 3857932 3231 62%
c W 1507.24  0 28 67 130186  1 4753218 90423 2.0 30 15 1 2 28% 3857932 3231 62%
c ] 1511.48  0 27 67 130198  1 4782475 115969 2.0 30 15 1 2 26% 3857932 3231 62%
c { 1511.48  0 17 67 130198  3 4782475 115969 2.7 21 8 1 2 34% 3857932 3231 62%
c i 1525.45  0 17 67 132610  2 4835568 159152 2.7 21 8 1 2 33% 3857931 3230 62%
c W 1531.38  0 17 67 133594  3 4851219 170207 2.7 21 8 1 2 33% 3814311 3230 62%
c i 1534.18  0 17 67 134148  2 4862703 179473 2.7 21 8 1 2 32% 3814311 3229 62%
c - 1541.87  0 17 68 135754  2 4890720 113294 2.7 21 8 1 2 32% 3771564 3229 62%
c 2 1541.88  0 17 68 135754  2 4890720 113292 2.7 21 8 1 2 32% 3771564 3229 62%
c p 1542.12  0 17 68 135754  2 4890720 115041 2.7 21 8 1 2 32% 3771564 3228 62%
c u 1543.14  0 17 68 135754  2 4890720 114259 2.7 21 8 1 2 32% 3771564 3228 62%
c v 1543.66  0 17 68 135754  2 4890720 114091 2.7 21 8 1 2 32% 3771564 3228 62%
c w 1543.67  0 17 68 135754  2 4890720 114091 2.7 21 8 1 2 32% 3771564 3228 62%
c t 1543.68  0 17 68 135754  2 4890720 114083 2.7 21 8 1 2 32% 3771533 3228 62%
c i 1545.49  0 17 68 136094  2 4897829 119503 2.7 21 8 1 2 32% 3771533 3227 62%
c F 1560.35  0 17 68 139553  3 4950220 161946 2.8 22 8 1 2 31% 3771533 3227 62%
c i 1574.90  0 16 68 142825  2 5006532 205394 2.6 20 8 1 2 30% 3771533 3226 62%
c - 1583.28  0 16 69 144922  3 5033169 125188 2.6 21 8 1 2 30% 3655078 3226 62%
c 
c   seconds   reductions      conflicts          size  tier2        variables
c           MB      restarts         redundant      glue  trail          remaining
c            level         rate            size/glue tier1   irredundant
c 
c 2 1583.29  0 16 69 144922  3 5033169 125168 2.6 21 8 1 2 30% 3655077 3226 62%
c d 1583.35  0 16 69 144922  3 5033169 125166 2.6 21 8 1 2 30% 3655073 3225 62%
c p 1583.60  0 16 69 144922  3 5033169 126375 2.6 21 8 1 2 30% 3655073 3224 62%
c 2 1583.61  0 16 69 144922  3 5033169 126354 2.6 21 8 1 2 30% 3655073 3224 62%
c u 1586.96  0 16 69 144922  3 5033169 125448 2.6 21 8 1 2 30% 3612247 3224 62%
c v 1587.56  0 16 69 144922  3 5033169 125282 2.6 21 8 1 2 30% 3612247 3224 62%
c t 1587.57  0 16 69 144922  3 5033169 125189 2.6 21 8 1 2 30% 3612247 3224 62%
c i 1591.52  0 16 69 145891  2 5049990 137768 2.6 20 8 1 2 29% 3612247 3223 62%
c B 1591.63  0 16 69 145930  2 5050221 137959 2.6 20 8 1 2 29% 3612247 3223 62%
c i 1592.12  0 16 69 146009  2 5051704 139056 2.6 20 8 1 2 29% 3612247 3222 62%
c e 1613.13  0 16 69 150863  3 5117308 178885 2.5 20 8 1 2 29% 3550474 3213 62%
c W 1628.11  0 16 69 153081  3 5151222 197315 2.6 21 8 1 2 29% 3550474 3213 62%
c i 1630.52  0 16 69 153658  3 5160735 204782 2.6 20 8 1 2 30% 3550474 3212 62%
c - 1635.49  0 16 70 154803  3 5176911 128889 2.6 20 8 1 2 29% 3507356 3212 62%
c 2 1635.50  0 16 70 154803  3 5176911 128888 2.6 20 8 1 2 29% 3507356 3212 62%
c d 1635.57  0 16 70 154803  3 5176911 128626 2.6 20 8 1 2 29% 3507356 3211 62%
c p 1635.79  0 16 70 154803  3 5176911 129450 2.6 20 8 1 2 29% 3507356 3211 62%
c u 1636.88  0 16 70 154803  3 5176911 128818 2.6 20 8 1 2 29% 3507356 3211 62%
c v 1637.51  0 16 70 154803  3 5176911 128585 2.6 20 8 1 2 29% 3507356 3211 62%
c w 1637.52  0 16 70 154803  3 5176911 128585 2.6 20 8 1 2 29% 3507356 3211 62%
c 
c   seconds   reductions      conflicts          size  tier2        variables
c           MB      restarts         redundant      glue  trail          remaining
c            level         rate            size/glue tier1   irredundant
c 
c t 1637.53  0 16 70 154803  3 5176911 128584 2.6 20 8 1 2 29% 3507356 3211 62%
c i 1652.82  0 16 70 158291  2 5241381 178700 2.5 20 8 1 2 29% 3507356 3210 62%
c # 1656.68  0 16 70 159225  2 5253225 188203 2.5 20 8 1 2 29% 3507356 3210 62%
c i 1660.28  0 16 70 160150  3 5263042 196406 2.5 20 8 1 2 29% 3507356 3209 62%
c i 1666.35  0 16 70 161138  2 5284305 212513 2.5 20 8 1 2 28% 3507356 3208 62%
c - 1676.13  0 16 71 163356  2 5321677 133638 2.5 20 8 1 2 28% 3447440 3208 62%
c 2 1676.14  0 16 71 163356  2 5321677 133635 2.5 20 8 1 2 28% 3447440 3208 62%
c p 1676.35  0 16 71 163356  2 5321677 134391 2.5 20 8 1 2 28% 3447440 3208 62%
c u 1677.07  0 16 71 163356  2 5321677 133559 2.5 20 8 1 2 28% 3447440 3208 62%
c v 1677.41  0 16 71 163356  2 5321677 133263 2.5 20 8 1 2 28% 3447440 3208 62%
c w 1677.42  0 16 71 163356  2 5321677 133263 2.5 20 8 1 2 28% 3447440 3208 62%
c x 1678.16  0 16 71 163356  2 5321677 133261 2.5 20 8 1 2 28% 3446522 3208 62%
c t 1678.17  0 16 71 163356  2 5321677 133251 2.5 20 8 1 2 28% 3446513 3208 62%
c B 1687.07  0 16 71 165452  2 5356227 160594 2.5 20 8 1 2 28% 3446513 3208 62%
c } 1688.78  0 16 71 166065  2 5362065 165235 2.5 20 8 1 2 28% 3446513 3208 62%
c [ 1688.78  0 27 71 166065  1 5362065 165235 2.0 30 15 1 2 26% 3446513 3208 62%
c i 1689.99  0 26 71 166069  1 5371117 172380 2.0 29 14 1 2 26% 3446513 3207 62%
c O 1702.13  0 27 71 166101  1 5460230 249118 2.0 30 15 1 2 26% 3446513 3207 62%
c - 1703.35  0 28 72 166102  1 5468016 139320 2.0 30 15 1 2 26% 3436967 3207 62%
c p 1703.52  0 28 72 166102  1 5468016 140049 2.0 30 15 1 2 26% 3436967 3207 62%
c 
c   seconds   reductions      conflicts          size   tier2        variables
c           MB      restarts         redundant      glue   trail          remaining
c            level         rate            size/glue  tier1   irredundant
c 
c u 1704.65  0 28 72 166102  1 5468016 139632 2.0 30 15 1 2 26% 3437163 3207 62%
c v 1704.98  0 28 72 166102  1 5468016 139487 2.0 30 15 1 2 26% 3437163 3207 62%
c w 1704.98  0 28 72 166102  1 5468016 139487 2.0 30 15 1 2 26% 3437163 3207 62%
c t 1705.00  0 28 72 166102  1 5468016 139484 2.0 30 15 1 2 26% 3436969 3207 62%
c B 1717.82  0 24 72 166129  1 5565238 221259 2.0 28 14 1 2 21% 3436969 3207 62%
c e 1720.26  0 24 72 166134  1 5582364 233858 2.0 27 14 1 2 21% 3436988 3202 62%
c s 1720.27  0 24 72 166134  1 5582364 233599 2.0 27 14 1 2 21% 3436945 3202 62%
c e 1720.32  0 24 72 166134  1 5582364 229057 2.0 27 14 1 2 21% 3436994 3196 62%
c - 1725.68  0 23 73 166146  1 5616278 139728 2.0 26 13 1 2 21% 3436993 3196 62%
c p 1725.85  0 23 73 166146  1 5616278 140425 2.0 26 13 1 2 21% 3436993 3195 62%
c u 1726.48  0 23 73 166146  1 5616278 140047 2.0 26 13 1 2 21% 3436993 3195 62%
c v 1726.77  0 23 73 166146  1 5616278 139889 2.0 26 13 1 2 21% 3436993 3195 62%
c w 1726.78  0 23 73 166146  1 5616278 139888 2.0 26 13 1 2 21% 3436993 3195 62%
c t 1726.79  0 23 73 166146  1 5616278 139886 2.0 26 13 1 2 21% 3436993 3195 62%
c W 1740.13  0 22 73 166165  1 5671239 184242 1.9 26 13 1 2 21% 3436975 3195 62%
c - 1759.95  0 30 74 166167  1 5766536 142075 1.9 30 16 1 2 24% 3436975 3195 62%
c p 1760.13  0 30 74 166167  1 5766536 142762 1.9 30 16 1 2 24% 3436975 3195 62%
c = 1761.42  0 30 74 166167  1 5766536 142760 1.9 30 16 1 2 24% 3436975 3194 62%
c u 1762.13  0 30 74 166167  1 5766536 142304 1.9 30 16 1 2 24% 3436975 3194 62%
c v 1762.50  0 30 74 166167  1 5766536 142016 1.9 30 16 1 2 24% 3436975 3194 62%
c 
c   seconds   reductions      conflicts          size   tier2        variables
c           MB      restarts         redundant      glue   trail          remaining
c            level         rate            size/glue  tier1   irredundant
c 
c w 1762.50  0 30 74 166167  1 5766536 142016 1.9 30 16 1 2 24% 3436975 3194 62%
c t 1762.51  0 30 74 166167  1 5766536 142012 1.9 30 16 1 2 24% 3436975 3194 62%
c I 1764.41  0 30 74 166167  1 5778242 152005 1.9 30 16 1 2 25% 3436975 3194 62%
c B 1778.82  0 34 74 166168  1 5886244 244702 1.8 33 18 1 2 24% 3436975 3194 62%
c - 1784.74  0 31 75 166171  1 5918793 141927 1.8 30 17 1 2 24% 3436975 3194 62%
c 2 1784.75  0 31 75 166171  1 5918793 141925 1.8 30 17 1 2 24% 3436974 3194 62%
c p 1784.89  0 31 75 166171  1 5918793 142643 1.8 30 17 1 2 24% 3436974 3194 62%
c u 1785.56  0 31 75 166171  1 5918793 142140 1.8 30 17 1 2 24% 3436974 3194 62%
c v 1785.91  0 31 75 166171  1 5918793 141954 1.8 30 17 1 2 24% 3436974 3194 62%
c w 1785.91  0 31 75 166171  1 5918793 141954 1.8 30 17 1 2 24% 3436974 3194 62%
c t 1785.92  0 31 75 166171  1 5918793 141951 1.8 30 17 1 2 24% 3436974 3194 62%
c W 1798.50  0 27 75 166199  1 5995245 207887 1.9 30 16 1 2 24% 3436974 3194 62%
c e 1807.07  0 30 75 166229  1 6065759 269484 1.9 32 17 1 2 22% 3436985 3192 62%
c s 1807.08  0 30 75 166229  1 6065759 269482 1.9 32 17 1 2 22% 3436976 3192 62%
c - 1808.36  0 29 76 166230  1 6073047 143283 1.9 31 17 1 2 21% 3436976 3192 62%
c p 1808.50  0 29 76 166230  1 6073047 143972 1.9 31 17 1 2 21% 3436976 3192 62%
c u 1808.91  0 29 76 166230  1 6073047 143800 1.9 31 17 1 2 21% 3436976 3192 62%
c v 1809.11  0 29 76 166230  1 6073047 143683 1.9 31 17 1 2 21% 3436976 3192 62%
c w 1809.12  0 29 76 166230  1 6073047 143683 1.9 31 17 1 2 21% 3436976 3192 62%
c x 1809.40  0 29 76 166230  1 6073047 143682 1.9 31 17 1 2 21% 3436317 3192 62%
c 
c   seconds   reductions      conflicts          size   tier2        variables
c           MB      restarts         redundant      glue   trail          remaining
c            level         rate            size/glue  tier1   irredundant
c 
c t 1809.41  0 29 76 166230  1 6073047 143681 1.9 31 17 1 2 21% 3436279 3192 62%
c O 1814.23  0 30 76 166231  1 6105246 171222 1.8 31 17 1 2 21% 3436279 3192 62%
c B 1827.97  0 26 76 166272  1 6216247 266773 2.0 30 16 1 2 18% 3436279 3192 62%
c - 1830.38  0 26 77 166277  1 6229296 149316 2.0 30 15 1 2 19% 3436279 3192 62%
c p 1830.51  0 26 77 166277  1 6229296 150002 2.0 30 15 1 2 19% 3436279 3192 62%
c u 1832.24  0 26 77 166277  1 6229296 149709 2.0 30 15 1 2 19% 3436279 3192 62%
c v 1832.57  0 26 77 166277  1 6229296 149536 2.0 30 15 1 2 19% 3436279 3192 62%
c w 1832.57  0 26 77 166277  1 6229296 149536 2.0 30 15 1 2 19% 3436279 3192 62%
c t 1832.59  0 26 77 166277  1 6229296 149532 2.0 30 15 1 2 19% 3436278 3192 62%
c W 1851.02  0 29 77 166295  1 6328250 235057 1.9 31 16 1 2 19% 3436278 3192 62%
c - 1860.16  0 32 78 166298  1 6387538 154374 2.0 33 17 1 2 20% 3436278 3192 62%
c p 1860.35  0 32 78 166298  1 6387538 155056 2.0 33 17 1 2 20% 3436278 3192 62%
c u 1861.53  0 32 78 166298  1 6387538 154685 2.0 33 17 1 2 20% 3436500 3192 62%
c v 1861.87  0 32 78 166298  1 6387538 154412 2.0 33 17 1 2 20% 3436500 3192 62%
c w 1861.89  0 32 78 166298  1 6387538 154412 2.0 33 17 1 2 20% 3436500 3192 62%
c t 1861.90  0 32 78 166298  1 6387538 154408 2.0 33 17 1 2 20% 3436278 3192 62%
c ] 1862.00  0 32 78 166298  1 6387824 154663 2.0 33 17 1 2 20% 3436278 3192 62%
c { 1862.00  0 16 78 166298  2 6387824 154663 2.5 20 8 1 2 28% 3436278 3192 62%
c W 1876.36  0 16 78 169349  2 6441253 195461 2.5 19 8 1 2 28% 3436278 3192 62%
c i 1885.29  0 16 78 171505  2 6471816 219282 2.4 19 8 1 2 28% 3436278 3190 62%
c 
c   seconds   reductions      conflicts          size  tier2        variables
c           MB      restarts         redundant      glue  trail          remaining
c            level         rate            size/glue tier1   irredundant
c 
c - 1906.93  0 16 79 176821  2 6547775 162797 2.4 20 8 1 2 27% 3397831 3190 62%
c p 1907.19  0 16 79 176821  2 6547775 163070 2.4 20 8 1 2 27% 3397831 3189 62%
c u 1907.99  0 16 79 176821  2 6547775 162678 2.4 20 8 1 2 27% 3397831 3189 62%
c v 1908.37  0 16 79 176821  2 6547775 162321 2.4 20 8 1 2 27% 3397831 3189 62%
c x 1908.98  0 16 79 176821  2 6547775 162320 2.4 20 8 1 2 27% 3396197 3189 62%
c t 1909.00  0 16 79 176821  2 6547775 162309 2.4 20 8 1 2 27% 3396193 3189 62%
c F 1911.05  0 16 79 177443  2 6555254 168272 2.4 20 8 1 2 27% 3396193 3189 62%
c e 1914.92  0 16 79 178261  2 6569383 178224 2.4 19 8 1 2 27% 3344241 3186 61%
c s 1914.93  0 16 79 178261  2 6569383 178145 2.4 19 8 1 2 27% 3344201 3186 61%
c e 1914.97  0 16 79 178261  2 6569383 177623 2.4 19 8 1 2 27% 3344235 3182 61%
c i 1918.04  0 15 79 178903  2 6582578 187547 2.4 19 8 1 2 27% 3344235 3181 61%
c B 1940.61  0 16 79 184453  2 6670266 255301 2.4 20 8 1 2 27% 3344235 3181 61%
c i 1942.48  0 15 79 184833  2 6677473 260665 2.4 19 8 1 2 27% 3344235 3180 61%
c i 1944.00  0 15 79 185084  2 6682878 264644 2.4 19 8 1 2 27% 3344235 3179 61%
c - 1951.32  0 15 80 186858  2 6709700 168547 2.4 19 8 1 2 26% 3315990 3179 61%
c 2 1951.33  0 15 80 186858  2 6709700 168542 2.4 19 8 1 2 26% 3315990 3179 61%
c d 1951.40  0 15 80 186858  2 6709700 168303 2.4 19 8 1 2 26% 3315990 3178 61%
c p 1951.64  0 15 80 186858  2 6709700 168530 2.4 19 8 1 2 26% 3315990 3176 61%
c 2 1951.65  0 15 80 186858  2 6709700 168529 2.4 19 8 1 2 26% 3315990 3176 61%
c u 1952.75  0 15 80 186858  2 6709700 167948 2.4 19 8 1 2 26% 3315990 3176 61%
c 
c   seconds   reductions      conflicts          size  tier2        variables
c           MB      restarts         redundant      glue  trail          remaining
c            level         rate            size/glue tier1   irredundant
c 
c v 1953.29  0 15 80 186858  2 6709700 167469 2.4 19 8 1 2 26% 3315990 3176 61%
c t 1953.30  0 15 80 186858  2 6709700 167468 2.4 19 8 1 2 26% 3315990 3176 61%
c i 1972.04  0 15 80 191228  2 6784746 224796 2.4 19 8 1 2 28% 3315967 3175 61%
c W 1977.48  0 15 80 191353  2 6786267 223850 2.4 19 8 1 2 28% 3306199 3175 61%
c i 1993.24  0 15 80 195411  2 6846165 269932 2.4 19 8 1 2 28% 3306199 3174 61%
c - 2000.26  0 15 81 197049  2 6872927 175093 2.4 19 8 1 2 28% 3306183 3174 61%
c 2 2000.26  0 15 81 197049  2 6872927 175085 2.4 19 8 1 2 28% 3306181 3174 61%
c d 2000.32  0 15 81 197049  2 6872927 175078 2.4 19 8 1 2 28% 3306172 3172 61%
c p 2000.54  0 15 81 197049  2 6872927 175171 2.4 19 8 1 2 28% 3306172 3172 61%
c 2 2000.55  0 15 81 197049  2 6872927 175163 2.4 19 8 1 2 28% 3306171 3172 61%
c u 2003.62  0 15 81 197049  2 6872927 174681 2.4 19 8 1 2 28% 3306171 3172 61%
c v 2004.23  0 15 81 197049  2 6872927 174407 2.4 19 8 1 2 28% 3306171 3172 61%
c t 2004.24  0 15 81 197049  2 6872927 174389 2.4 19 8 1 2 28% 3306171 3172 61%
c i 2010.38  0 15 81 198309  2 6899899 194819 2.3 19 8 1 2 27% 3306171 3171 61%
c # 2011.21  0 15 81 198474  2 6903269 197503 2.3 19 8 1 2 27% 3306171 3171 61%
c B 2040.32  0 15 81 205436  2 7021271 286746 2.4 19 8 1 2 28% 3306171 3171 61%
c - 2045.11  0 15 82 206488  2 7038043 181200 2.3 18 8 1 2 27% 3296783 3171 61%
c 2 2045.12  0 15 82 206488  2 7038043 181198 2.3 18 8 1 2 27% 3296783 3171 61%
c d 2045.18  0 15 82 206488  2 7038043 178952 2.3 18 8 1 2 27% 3296762 3169 61%
c p 2045.39  0 15 82 206488  2 7038043 179037 2.3 18 8 1 2 27% 3296762 3169 61%
c 
c   seconds   reductions      conflicts          size  tier2        variables
c           MB      restarts         redundant      glue  trail          remaining
c            level         rate            size/glue tier1   irredundant
c 
c 2 2045.40  0 15 82 206488  2 7038043 179035 2.3 18 8 1 2 27% 3296762 3169 61%
c u 2046.45  0 15 82 206488  2 7038043 178558 2.3 18 8 1 2 27% 3296762 3169 61%
c v 2047.01  0 15 82 206488  2 7038043 178035 2.3 18 8 1 2 27% 3296762 3169 61%
c w 2047.01  0 15 82 206488  2 7038043 178035 2.3 18 8 1 2 27% 3296762 3169 61%
c t 2047.02  0 15 82 206488  2 7038043 178014 2.3 18 8 1 2 27% 3296762 3169 61%
c e 2060.45  0 15 82 209736  2 7091335 209837 2.3 18 8 1 2 27% 3296826 3157 61%
c s 2060.48  0 15 82 209736  2 7091335 207287 2.3 18 8 1 2 27% 3296652 3157 61%
c e 2060.52  0 15 82 209736  2 7091335 204150 2.3 18 8 1 2 27% 3296661 3154 61%
c i 2062.59  0 15 82 210132  2 7100705 211182 2.3 18 8 1 2 27% 3296661 3153 61%
c i 2063.57  0 15 82 210365  2 7104486 214234 2.3 18 8 1 2 27% 3296661 3152 61%
c } 2064.49  0 15 82 210542  2 7108543 217286 2.3 18 8 1 2 27% 3296661 3152 61%
c [ 2064.49  0 32 82 210542  1 7108543 217286 2.0 33 17 1 2 23% 3296661 3152 61%
c I 2069.55  0 28 82 210556  1 7140273 244327 2.0 31 15 1 2 24% 3296661 3152 61%
c i 2071.16  0 27 82 210562  1 7151771 253560 2.0 30 15 1 2 24% 3296661 3150 61%
c - 2078.98  0 27 83 210580  1 7205056 167170 2.0 30 15 1 2 25% 3265226 3150 61%
c 2 2078.98  0 27 83 210580  1 7205056 167163 2.0 30 15 1 2 25% 3265221 3150 61%
c p 2079.19  0 27 83 210580  1 7205056 167243 2.0 30 15 1 2 25% 3265221 3150 61%
c u 2079.76  0 27 83 210580  1 7205056 166943 2.0 30 15 1 2 25% 3265221 3150 61%
c v 2080.09  0 27 83 210580  1 7205056 166716 2.0 30 15 1 2 25% 3265221 3150 61%
c w 2080.10  0 27 83 210580  1 7205056 166716 2.0 30 15 1 2 25% 3265221 3150 61%
c 
c   seconds   reductions      conflicts          size   tier2        variables
c           MB      restarts         redundant      glue   trail          remaining
c            level         rate            size/glue  tier1   irredundant
c 
c t 2080.57  0 27 83 210580  1 7205056 166715 2.0 30 15 1 2 25% 3263771 3150 61%
c B 2087.43  0 26 83 210601  1 7260276 215828 2.1 30 14 1 2 25% 3263771 3150 61%
c - 2102.37  0 25 84 210633  1 7373754 174826 2.0 30 15 1 2 24% 3263771 3150 61%
c p 2102.50  0 25 84 210633  1 7373754 174885 2.0 30 15 1 2 24% 3263771 3150 61%
c u 2103.16  0 25 84 210633  1 7373754 174570 2.0 30 15 1 2 24% 3263771 3150 61%
c v 2103.49  0 25 84 210633  1 7373754 174343 2.0 30 15 1 2 24% 3263771 3150 61%
c w 2103.49  0 25 84 210633  1 7373754 174343 2.0 30 15 1 2 24% 3263771 3150 61%
c t 2103.50  0 25 84 210633  1 7373754 174337 2.0 30 15 1 2 24% 3263771 3150 61%
c W 2110.50  0 25 84 210633  1 7381277 180820 2.0 30 15 1 2 24% 3263771 3150 61%
c i 2128.44  0 22 84 210665  1 7501385 279597 1.9 26 14 1 2 20% 3263771 3149 61%
c O 2128.70  0 22 84 210665  1 7503278 281329 1.9 26 13 1 2 20% 3263771 3149 61%
c - 2135.70  0 22 85 210666  1 7544401 152743 2.0 26 13 1 2 20% 3263753 3149 61%
c 2 2135.70  0 22 85 210666  1 7544401 152736 2.0 26 13 1 2 20% 3263753 3149 61%
c p 2135.88  0 22 85 210666  1 7544401 152795 2.0 26 13 1 2 20% 3263753 3149 61%
c u 2137.05  0 22 85 210666  1 7544401 152419 2.0 26 13 1 2 20% 3263755 3149 61%
c v 2137.05  0 22 85 210666  1 7544401 152418 2.0 26 13 1 2 20% 3263755 3149 61%
c w 2137.05  0 22 85 210666  1 7544401 152418 2.0 26 13 1 2 20% 3263755 3149 61%
c t 2137.07  0 22 85 210666  1 7544401 152417 2.0 26 13 1 2 20% 3263753 3149 61%
c B 2149.45  0 24 85 210667  1 7626279 223954 2.0 26 13 1 2 20% 3263753 3149 61%
c t 2150.49  0 24 85 210667  1 7632934 229822 2.0 27 13 1 2 20% 3263753 3149 61%
c 
c   seconds   reductions      conflicts          size   tier2        variables
c           MB      restarts         redundant      glue   trail          remaining
c            level         rate            size/glue  tier1   irredundant
c 
c e 2150.57  0 24 85 210667  1 7632934 225816 2.0 27 13 1 2 20% 3263758 3146 61%
c s 2150.58  0 24 85 210667  1 7632934 225124 2.0 27 13 1 2 20% 3263715 3146 61%
c e 2150.62  0 24 85 210667  1 7632934 224105 2.0 27 13 1 2 20% 3263733 3143 61%
c - 2162.79  0 24 86 210668  1 7717011 167927 2.0 28 14 1 2 21% 3263733 3143 61%
c 2 2162.80  0 24 86 210668  1 7717011 167924 2.0 28 14 1 2 21% 3263733 3143 61%
c p 2162.99  0 24 86 210668  1 7717011 167987 2.0 28 14 1 2 21% 3263733 3143 61%
c u 2165.04  0 24 86 210668  1 7717011 167746 2.0 28 14 1 2 21% 3263733 3143 61%
c v 2165.42  0 24 86 210668  1 7717011 167700 2.0 28 14 1 2 21% 3263733 3143 61%
c w 2165.43  0 24 86 210668  1 7717011 167699 2.0 28 14 1 2 21% 3263733 3143 61%
c W 2173.32  0 27 86 210668  1 7750281 196681 1.9 29 15 1 2 21% 3263733 3143 61%
c i 2190.43  0 25 86 210668  1 7851702 282385 1.9 28 15 1 2 21% 3263733 3138 61%
c I 2193.91  0 29 86 210668  1 7875283 302767 1.8 30 16 1 2 21% 3263733 3138 61%
c - 2197.76  0 28 87 210668  1 7891583 160896 1.8 29 16 1 2 21% 3178184 3138 61%
c 2 2197.77  0 28 87 210668  1 7891583 160866 1.8 29 16 1 2 21% 3177294 3138 61%
c d 2197.82  0 28 87 210668  1 7891583 160863 1.8 29 16 1 2 21% 3177292 3136 60%
c p 2197.99  0 28 87 210668  1 7891583 162818 1.8 29 16 1 2 21% 3177292 3136 60%
c 2 2198.00  0 28 87 210668  1 7891583 162816 1.8 29 16 1 2 21% 3177292 3136 60%
c u 2198.81  0 28 87 210668  1 7891583 162555 1.8 29 16 1 2 21% 3177292 3136 60%
c v 2199.21  0 28 87 210668  1 7891583 162437 1.8 29 16 1 2 21% 3177292 3136 60%
c w 2199.21  0 28 87 210668  1 7891583 162437 1.8 29 16 1 2 21% 3177292 3136 60%
c 
c   seconds   reductions      conflicts          size   tier2        variables
c           MB      restarts         redundant      glue   trail          remaining
c            level         rate            size/glue  tier1   irredundant
c 
c t 2199.23  0 28 87 210668  1 7891583 162372 1.8 29 16 1 2 21% 3175874 3136 60%
c B 2214.04  0 29 87 210669  1 8001284 258166 1.9 31 16 1 2 20% 3175874 3136 60%
c - 2223.69  0 26 88 210669  1 8067308 173945 2.0 31 16 1 2 18% 3175874 3136 60%
c p 2223.86  0 26 88 210669  1 8067308 175540 2.0 31 16 1 2 18% 3175874 3136 60%
c u 2224.37  0 26 88 210669  1 8067308 175345 2.0 31 16 1 2 18% 3175874 3136 60%
c v 2224.60  0 26 88 210669  1 8067308 175280 2.0 31 16 1 2 18% 3175874 3136 60%
c w 2224.60  0 26 88 210669  1 8067308 175280 2.0 31 16 1 2 18% 3175874 3136 60%
c x 2224.95  0 26 88 210669  1 8067308 175280 2.0 31 16 1 2 18% 3174683 3136 60%
c t 2224.96  0 26 88 210669  1 8067308 175275 2.0 31 16 1 2 18% 3174642 3136 60%
c i 2231.86  0 24 88 210669  1 8115585 212683 1.9 29 15 1 2 17% 3174642 3126 60%
c W 2236.56  0 23 88 210669  1 8128287 189407 2.0 28 14 1 2 17% 3130532 3126 60%
c i 2239.56  0 22 88 210669  1 8153241 209861 2.0 28 14 1 2 17% 3130532 3109 60%
c i 2239.78  0 22 88 210669  1 8154692 210803 2.0 28 14 1 2 17% 3130532 3082 59%
c i 2239.83  0 22 88 210669  1 8155099 211003 2.0 28 14 1 2 17% 3130532 2957 57%
c i 2239.84  0 22 88 210669  1 8155141 211021 2.0 28 14 1 2 17% 3130532 2956 57%
c i 2239.84  0 22 88 210669  1 8155142 211021 2.0 28 14 1 2 17% 3130532 2950 57%
c i 2239.84  0 22 88 210669  1 8155209 211055 2.0 28 14 1 2 17% 3130532 2802 54%
c i 2240.10  0 22 88 210669  1 8155210 77549 2.0 28 14 1 2  1% 1184979 2793 54%
c i 2240.10  0 22 88 210669  1 8155213 77549 2.0 28 14 1 2 10% 1184979 2789 54%
c i 2240.10  0 22 88 210669  1 8155214 77549 2.0 28 14 1 2  9% 1184979 2779 54%
c 
c   seconds   reductions      conflicts         size   tier2        variables
c           MB      restarts         redundant     glue   trail          remaining
c            level         rate           size/glue  tier1   irredundant
c 
c i 2240.10  0 22 88 210669  1 8155215 77549 2.0 28 14 1 2 10% 1184979 2766 53%
c i 2240.10  0 22 88 210669  1 8155221 77551 2.0 28 14 1 2 11% 1184979 2659 51%
c ] 2240.10  0 22 88 210669  1 8155223 77551 2.0 28 14 1 2 11% 1184979 2587 50%
c 0 2240.10  0 22 88 210669  1 8155223 77551 2.0 28 14 1 2 11% 1184979 2587 50%
c 
c --- [ closing proof ] ------------------------------------------------------
c 
c DRAT proof file 'results/z14min3.drat' closed
c DRAT 8579914 added clauses 36.92%
c DRAT 14658643 deleted clauses 63.08%
c DRAT 2407436373 bytes (2295.91 MB)
c 
c --- [ result ] -------------------------------------------------------------
c 
s UNSATISFIABLE
c 
c --- [ run-time profiling ] -------------------------------------------------
c 
c process time taken by individual solving procedures
c (percentage relative to process time for solving)
c 
c      2077.48   92.77% search
c      1039.31   46.41% unstable
c       927.09   41.40% stable
c       161.83    7.23% simplify
c       110.96    4.95% walk
c        88.59    3.96% vivify
c        24.83    1.11% sweep
c        15.85    0.71% congruence
c        11.43    0.51% probe
c         7.21    0.32% subsume
c         4.99    0.22% elim
c         2.18    0.10% ternary
c         0.80    0.04% parse
c         0.12    0.01% lucky
c         0.07    0.00% backbone
c   =================================
c      2239.30   99.96% solve
c 
c last line shows process time for solving
c (percentage relative to total process time)
c 
c --- [ statistics ] ---------------------------------------------------------
c 
c chronological:           2633977        32.30 %  of conflicts
c conflicts:               8155223      3641.86    per second
c backbone:                1177841     22720.70 %  of vars
c decisions:              16085260      7183.16    per second
c eliminated:                 1610        31.06 %  of all variables
c fixed:                       799        15.41 %  of all variables
c learned:                 7893234        96.79 %  per conflict
c learned_lits:          410436876       100.00 %  learned literals
c minimized:                     0         0.00 %  learned literals
c shrunken:              127220387        31.00 %  learned literals
c minishrunken:           69842854        17.02 %  learned literals
c otfs:                      37972         0.47 %  of conflict
c propagations:         2125748481         0.95 M  per second
c reduced:                 5873835        72.03 %  per conflict
c rephased:                    127     64214.35    interval
c restarts:                 210669        38.71    interval
c stabilizing:                  17        61.18 %  of conflicts
c substituted:                 188         3.63 %  of all variables
c sweep equivs:                  9         0.05 %  of swept variables
c subsumed:                2689030        17.35 %  of all clauses
c strengthened:             100205         0.65 %  of all clauses
c ticks:              245338965634       119.44    propagation
c vivified:                  42113         0.27 %  of all clauses
c walked:                       41    198907.88    interval
c weakened:                   8689         3.21    average size
c congruence:                   17    479719.00    interval
c 
c seconds are measured in process time for solving
c 
c --- [ glue usage ] ---------------------------------------------------------
c 
c focused glue 1 used 32475967 clauses 77.99% accumulated 77.99% tier1
c focused glue 2 used 4690832 clauses 11.26% accumulated 89.25% tier2
c 
c stable glue 1 used 44932644 clauses 62.50% accumulated 62.50% tier1
c stable glue 2 used 7007868 clauses 9.748% accumulated 72.25% tier2
c 
c 
c --- [ resources ] ----------------------------------------------------------
c 
c total process time since initialization:      2240.10    seconds
c total real time since initialization:         2244.29    seconds
c maximum resident set size of process:         2518.05    MB
c 
c --- [ shutting down ] ------------------------------------------------------
c 
c exit 20
